[www.clicktap.ae/index.html]
[backblue.gif]
[fade.gif]
[index.html]
[www.clicktap.ae/assets/js/header-gtm-tag.js]
[monitor.fraudblocker.com/fbt4143.js]
[monitor.fraudblocker.com/fbt4143.gif]
[www.clicktap.ae/assets/img/favicon.ico]
[www.clicktap.ae/assets/css/normalize.css]
[www.clicktap.ae/assets/css/bootstrap.min.css]
[www.clicktap.ae/assets/css/animate.css]
[www.clicktap.ae/assets/css/fontawesome-all.css]
[www.clicktap.ae/assets/css/custom_form.css]
[cdnjs.cloudflare.com/ajax/libs/intl-tel-input/17.0.8/css/intlTelInput.css]
[cdnjs.cloudflare.com/ajax/libs/jquery/3.1.1/jquery.min.js]
[cdnjs.cloudflare.com/ajax/libs/select2/4.0.5/js/select2.min.js]
[cdnjs.cloudflare.com/ajax/libs/select2/4.0.5/css/select2.min.css]
[unpkg.com/swiper@11.2.5/swiper-bundle.min.css]
[www.clicktap.ae/assets/css/style.css]
[www.clicktap.ae/assets/css/toolkit.css]
[www.clicktap.ae/assets/js/form/validator.js]
[www.clicktap.ae/assets/js/form/form.js]
[www.clicktap.ae/assets/js/form/custom_select.js]
[www.google.com/recaptcha/api.js]
[www.clicktap.ae/assets/js/body-gtm-tag.js]
[www.clicktap.ae/assets/img/logo-icon.svg]
[www.clicktap.ae/assets/img/logo-white.svg]
[www.clicktap.ae/assets/img/logo-white-sm.svg]
[www.clicktap.ae/about.html]
[www.clicktap.ae/services.html]
[www.clicktap.ae/clients.html]
[www.clicktap.ae/portfolio.html]
[www.clicktap.ae/contact.html]
[www.clicktap.ae/career.html]
[www.clicktap.ae/assets/img/muted.svg]
[www.clicktap.ae/assets/ClicktapVDO-New_compressed.mp4]
[www.clicktap.ae/assets/img/1.webp]
[www.clicktap.ae/blog.html]
[www.clicktap.ae/assets/img/1-sm.webp]
[www.clicktap.ae/assets/img/1-xs.webp]
[www.clicktap.ae/assets/img/2.webp]
[www.clicktap.ae/assets/img/3.webp]
[www.clicktap.ae/assets/img/3-sm.webp]
[www.clicktap.ae/assets/img/4.webp]
[www.clicktap.ae/assets/img/4-sm.webp]
[www.clicktap.ae/assets/img/tooltip.svg]
[www.clicktap.ae/assets/img/image.webp]
[www.clicktap.ae/assets/img/5.webp]
[www.clicktap.ae/assets/img/5-sm.webp]
[ctround.com/clicktap-staging/assets/img/icons/google-icon.png]
[www.clicktap.ae/assets/img/search-icon.svg]
[www.clicktap.ae/assets/img/apps-icon.svg]
[www.clicktap.ae/assets/img/display-icon.svg]
[www.clicktap.ae/assets/img/certification-video-icon.svg]
[www.clicktap.ae/assets/img/shopping-icon.svg]
[www.clicktap.ae/assets/js/vendor/modernizr-3.7.1.min.js]
[www.clicktap.ae/assets/js/bootstrap.bundle.min.js]
[www.clicktap.ae/assets/js/plugins.js]
[unpkg.com/swiper@11.2.5/swiper-bundle.min.js]
[www.clicktap.ae/assets/js/main.js]
[www.clicktap.ae/assets/js/home.main1.js]
[www.clicktap.ae/footer.html]
[www.clicktap.ae/index.html]
[www.clicktap.ae/assets/css/normalize.css]
[www.clicktap.ae/assets/css/bootstrap.min.css]
[www.clicktap.ae/assets/css/animate.css]
[wati-integration-service.clare.ai/ShopifyWidget/shopifyWidget0d9b.js]
[www.clicktap.ae/assets/webfonts/fa-brands-400.eot]
[www.clicktap.ae/assets/webfonts/fa-brands-400d41d.eot]
[www.clicktap.ae/assets/webfonts/fa-brands-400.woff2]
[www.clicktap.ae/assets/webfonts/fa-brands-400.woff]
[www.clicktap.ae/assets/webfonts/fa-brands-400.ttf]
[www.clicktap.ae/assets/webfonts/fa-regular-400.eot]
[www.clicktap.ae/assets/webfonts/fa-regular-400d41d.eot]
[www.clicktap.ae/assets/webfonts/fa-brands-400.svg]
[www.clicktap.ae/assets/webfonts/fa-regular-400.woff2]
[www.clicktap.ae/assets/webfonts/fa-regular-400.woff]
[www.clicktap.ae/assets/webfonts/fa-regular-400.ttf]
[www.clicktap.ae/assets/webfonts/fa-solid-900.eot]
[www.clicktap.ae/assets/webfonts/fa-regular-400.svg]
[www.clicktap.ae/assets/webfonts/fa-solid-900d41d.eot]
[www.clicktap.ae/assets/webfonts/fa-solid-900.woff2]
[www.clicktap.ae/assets/webfonts/fa-solid-900.woff]
[www.clicktap.ae/assets/webfonts/fa-solid-900.ttf]
[www.clicktap.ae/assets/css/fontawesome-all.css]
[www.clicktap.ae/assets/css/custom_form.css]
[www.clicktap.ae/assets/webfonts/fa-solid-900.svg]
[cdnjs.cloudflare.com/ajax/libs/intl-tel-input/17.0.8/img/flags.png]
[cdnjs.cloudflare.com/ajax/libs/intl-tel-input/17.0.8/css/intlTelInput.css]
[cdnjs.cloudflare.com/ajax/libs/select2/4.0.5/css/select2.min.css]
[unpkg.com/swiper@11.2.5/swiper-bundle.min.css]
[cdnjs.cloudflare.com/ajax/libs/intl-tel-input/17.0.8/img/flags@2x.png]
[www.clicktap.ae/assets/webfonts/ZonaPro/stylesheet.css]
[www.clicktap.ae/assets/css/style.css]
[www.clicktap.ae/assets/css/toolkit.css]
[www.clicktap.ae/assets/img/logo-icon.svg]
[www.clicktap.ae/assets/img/logo-white.svg]
[www.clicktap.ae/assets/img/logo-white-sm.svg]
[www.clicktap.ae/assets/js/vendor/jquery-3.4.1.min.js]
[cdnjs.cloudflare.com/ajax/libs/intl-tel-input/17.0.13/css/intlTelInput.css]
[www.clicktap.ae/assets/img/about/2.webp]
[www.clicktap.ae/assets/img/about/6.webp]
[www.clicktap.ae/assets/img/about/Car.webp]
[www.clicktap.ae/assets/js/about.main.js]
[www.clicktap.ae/form.html]
[www.clicktap.ae/about.html]
[connect.facebook.net/en_US/fbevents.js]
[www.clicktap.ae/case-studies.html]
[www.clicktap.ae/assets/img/bg/2.jpg]
[www.clicktap.ae/assets/img/mode-1l.png]
[www.clicktap.ae/creative-agency-dubai.html]
[www.clicktap.ae/assets/img/icons/GIF/creative.gif]
[www.clicktap.ae/website-design-and-development-company-dubai.html]
[www.clicktap.ae/assets/img/icons/GIF/DigitalGifGray.gif]
[www.clicktap.ae/ui-ux-design-agency-dubai.html]
[www.clicktap.ae/assets/img/icons/GIF/ui-ux-design.gif]
[www.clicktap.ae/seo-company-dubai.html]
[www.clicktap.ae/assets/img/icons/GIF/SEOGifGray.gif]
[www.clicktap.ae/social-media-agency-dubai.html]
[www.clicktap.ae/assets/img/icons/GIF/SocialGifGray.gif]
[www.clicktap.ae/influencer-marketing-agency-dubai.html]
[www.clicktap.ae/assets/img/icons/GIF/influencer-marketing.gif]
[www.clicktap.ae/ppc-management-services.html]
[www.clicktap.ae/assets/img/icons/GIF/PPCGifGray.gif]
[www.clicktap.ae/assets/img/icons/GIF/mobile-app-design-development.gif]
[www.clicktap.ae/3d-animation-company-dubai.html]
[www.clicktap.ae/assets/img/icons/GIF/AnimationGifGray.gif]
[www.clicktap.ae/assets/img/icons/photography-videography.svg]
[www.clicktap.ae/metaverse-development-company.html]
[www.clicktap.ae/assets/img/icons/GIF/metaverse-development.gif]
[www.clicktap.ae/public-relations-company-dubai.html]
[www.clicktap.ae/assets/img/icons/GIF/public-relations-icon.svg]
[www.clicktap.ae/digital-strategy-consulting-company.html]
[www.clicktap.ae/assets/img/icons/GIF/StrategyGifGray.gif]
[www.clicktap.ae/online-reputation-management.html]
[www.clicktap.ae/assets/img/icons/GIF/OnlineReputationManagementGray.gif]
[www.clicktap.ae/augmented-resource-management.html]
[www.clicktap.ae/assets/img/icons/GIF/AugmentGifGray.gif]
[www.clicktap.ae/discovery-workshop.html]
[www.clicktap.ae/assets/img/icons/GIF/Discover.gif]
[www.clicktap.ae/services.html]
[www.clicktap.ae/assets/js/service-2.main.js]
[www.clicktap.ae/assets/img/bg/3.jpg]
[www.clicktap.ae/assets/img/clients/1.jpg]
[www.clicktap.ae/assets/img/clients/2.jpg]
[www.clicktap.ae/assets/img/clients/3.jpg]
[www.clicktap.ae/assets/img/clients/4.jpg]
[www.clicktap.ae/assets/img/clients/5.jpg]
[www.clicktap.ae/assets/img/clients/6.jpg]
[www.clicktap.ae/assets/img/clients/7.jpg]
[www.clicktap.ae/assets/img/clients/8.jpg]
[www.clicktap.ae/assets/img/clients/9.jpg]
[www.clicktap.ae/assets/img/clients/10.jpg]
[www.clicktap.ae/assets/img/clients/11.jpg]
[www.clicktap.ae/assets/img/clients/12.jpg]
[www.clicktap.ae/assets/img/clients/13.jpg]
[www.clicktap.ae/assets/img/clients/14.jpg]
[www.clicktap.ae/assets/img/clients/15.jpg]
[www.clicktap.ae/assets/img/clients/16.jpg]
[www.clicktap.ae/assets/img/clients/17.jpg]
[www.clicktap.ae/assets/img/clients/18.jpg]
[www.clicktap.ae/assets/img/clients/19.jpg]
[www.clicktap.ae/assets/img/clients/20.jpg]
[www.clicktap.ae/assets/img/clients/21.jpg]
[www.clicktap.ae/assets/img/clients/22.jpg]
[www.clicktap.ae/assets/img/clients/23.jpg]
[www.clicktap.ae/assets/img/clients/24.jpg]
[www.clicktap.ae/assets/img/clients/25.jpg]
[www.clicktap.ae/assets/img/clients/26.jpg]
[www.clicktap.ae/assets/img/clients/27.jpg]
[www.clicktap.ae/assets/img/clients/28.jpg]
[www.clicktap.ae/assets/img/clients/29.jpg]
[www.clicktap.ae/assets/img/clients/30.jpg]
[www.clicktap.ae/assets/img/clients/31.jpg]
[www.clicktap.ae/assets/img/clients/32.jpg]
[www.clicktap.ae/assets/img/clients/33.jpg]
[www.clicktap.ae/assets/img/clients/34.jpg]
[www.clicktap.ae/assets/img/clients/35.jpg]
[www.clicktap.ae/assets/img/clients/36.jpg]
[www.clicktap.ae/assets/img/clients/37.jpg]
[www.clicktap.ae/assets/img/clients/38.jpg]
[www.clicktap.ae/assets/img/clients/39.jpg]
[www.clicktap.ae/assets/img/clients/40.jpg]
[www.clicktap.ae/assets/img/clients/41.jpg]
[www.clicktap.ae/assets/img/clients/42.jpg]
[www.clicktap.ae/assets/img/clients/43.jpg]
[www.clicktap.ae/assets/img/clients/44.jpg]
[www.clicktap.ae/assets/img/clients/45.jpg]
[www.clicktap.ae/assets/img/clients/46.jpg]
[www.clicktap.ae/assets/img/clients/47.jpg]
[www.clicktap.ae/assets/img/clients/48.jpg]
[www.clicktap.ae/assets/img/clients/49.jpg]
[www.clicktap.ae/assets/img/clients/50.jpg]
[www.clicktap.ae/assets/img/clients/51.jpg]
[www.clicktap.ae/assets/img/clients/52.jpg]
[www.clicktap.ae/assets/img/clients/53.jpg]
[www.clicktap.ae/assets/img/clients/54.jpg]
[www.clicktap.ae/assets/img/clients/55.jpg]
[www.clicktap.ae/assets/img/clients/56.jpg]
[www.clicktap.ae/assets/img/clients/Group 237.jpg]
[www.clicktap.ae/assets/img/clients/max-logo.webp]
[www.clicktap.ae/assets/img/clients/Taj-Hotel-Dubai-Logo (1).webp]
[www.clicktap.ae/assets/img/clients/Galadari Moto Driving Centre Logo.webp]
[www.clicktap.ae/assets/img/clients/61.jpg]
[www.clicktap.ae/assets/img/clients/62.jpg]
[www.clicktap.ae/assets/img/clients/63.jpg]
[www.clicktap.ae/assets/img/clients/64.jpg]
[www.clicktap.ae/assets/img/clients/65.jpg]
[www.clicktap.ae/assets/img/clients/asset-2.jpg]
[www.clicktap.ae/assets/img/clients/67.jpg]
[www.clicktap.ae/assets/img/clients/68.jpg]
[www.clicktap.ae/assets/img/clients/69.jpg]
[www.clicktap.ae/assets/img/clients/70.jpg]
[www.clicktap.ae/assets/img/clients/71.jpg]
[www.clicktap.ae/assets/img/clients/72.jpg]
[www.clicktap.ae/assets/img/clients/73.jpg]
[www.clicktap.ae/assets/img/clients/74.jpg]
[www.clicktap.ae/assets/img/clients/75.jpg]
[www.clicktap.ae/assets/img/clients/76.jpg]
[www.clicktap.ae/assets/img/clients/77.jpg]
[www.clicktap.ae/assets/img/clients/78.jpg]
[www.clicktap.ae/assets/img/clients/79.jpg]
[www.clicktap.ae/assets/img/clients/80.jpg]
[www.clicktap.ae/assets/img/clients/81.jpg]
[www.clicktap.ae/assets/img/clients/82.jpg]
[www.clicktap.ae/assets/img/clients/83.jpg]
[www.clicktap.ae/assets/img/clients/84.jpg]
[www.clicktap.ae/assets/img/clients/85.jpg]
[www.clicktap.ae/assets/img/clients/86.jpg]
[www.clicktap.ae/assets/img/clients/87.jpg]
[www.clicktap.ae/assets/img/clients/88.jpg]
[www.clicktap.ae/assets/img/clients/89.jpg]
[www.clicktap.ae/assets/img/clients/90.jpg]
[www.clicktap.ae/assets/img/clients/91.jpg]
[www.clicktap.ae/assets/img/clients/92.jpg]
[www.clicktap.ae/assets/img/clients/93.jpg]
[www.clicktap.ae/assets/img/clients/94.jpg]
[www.clicktap.ae/assets/img/clients/95.jpg]
[www.clicktap.ae/assets/img/clients/96.jpg]
[www.clicktap.ae/assets/img/clients/97.jpg]
[www.clicktap.ae/assets/img/clients/98.jpg]
[www.clicktap.ae/assets/img/clients/99.jpg]
[www.clicktap.ae/assets/img/clients/100.jpg]
[www.clicktap.ae/assets/img/clients/asset-1.jpg]
[www.clicktap.ae/assets/img/clients/102.jpg]
[www.clicktap.ae/assets/img/clients/103.jpg]
[www.clicktap.ae/assets/img/clients/104.jpg]
[www.clicktap.ae/assets/img/clients/105.jpg]
[www.clicktap.ae/assets/img/clients/58.jpg]
[www.clicktap.ae/assets/img/clients/59.jpg]
[www.clicktap.ae/assets/img/clients/60.jpg]
[www.clicktap.ae/assets/js/service-details.main.js]
[www.clicktap.ae/clients.html]
[www.clicktap.ae/assets/css/fancybox.css]
[www.clicktap.ae/portfolio/performance-marketing/cs-huawei.html]
[www.clicktap.ae/assets/js/swiper-bundle.min.js]
[www.clicktap.ae/assets/img/portfolio/Huawei Case Study by Clicktap Digital.webp]
[www.clicktap.ae/portfolio/performance-marketing/cs-mashreq.html]
[www.clicktap.ae/assets/img/portfolio/Mashreq Bank Case Study by Clicktap Digital.webp]
[www.clicktap.ae/portfolio/performance-marketing/cs-arab-news.html]
[www.clicktap.ae/assets/img/portfolio/Arab News Case Study by Clicktap Digital.webp]
[www.clicktap.ae/portfolio/performance-marketing/cs-axiom-mark.html]
[www.clicktap.ae/assets/img/portfolio/Axiom Mark Case Study by Clicktap Digital.webp]
[www.clicktap.ae/portfolio/performance-marketing/cs-5asec.html]
[www.clicktap.ae/assets/img/portfolio/5asec Case Study by Clicktap Digital.webp]
[www.clicktap.ae/portfolio/performance-marketing/cs-honor.html]
[www.clicktap.ae/assets/img/portfolio/Honor Case Study by Clicktap Digital.webp]
[www.clicktap.ae/portfolio/performance-marketing/cs-oasis.html]
[www.clicktap.ae/assets/img/portfolio/Oasis Water Case Study by Clicktap Digital.webp]
[www.clicktap.ae/assets/img/portfolio/Kaplan Middle East Case Study by Clicktap Digital.webp]
[www.clicktap.ae/portfolio/performance-marketing/cs-kaplan.html]
[www.clicktap.ae/portfolio/social-media-management/cs-gulf-oil.html]
[www.clicktap.ae/assets/img/portfolio/Gulf News Case Study by Clicktap Digital.webp]
[www.clicktap.ae/portfolio/social-media-management/cs-singularity-gmbh.html]
[www.clicktap.ae/assets/img/portfolio/Singularity Case Study by Clicktap Digital.webp]
[www.clicktap.ae/portfolio/social-media-management/cs-gautier.html]
[www.clicktap.ae/assets/img/portfolio/Gautier Case Study by Clicktap Digital.webp]
[www.clicktap.ae/portfolio/social-media-management/cs-al-ain.html]
[www.clicktap.ae/assets/img/portfolio/Al Ain Water.webp]
[www.clicktap.ae/portfolio/social-media-management/cs-al-ghurair-facilities-solutions.html]
[www.clicktap.ae/assets/img/work/Al Ghurair Facilities Solutions.webp]
[www.clicktap.ae/portfolio/social-media-management/cs-noor-takaful.html]
[www.clicktap.ae/assets/img/portfolio/Noor Takaful Case Study by Clicktap Digital.webp]
[www.clicktap.ae/portfolio/creatives/cs-boma-rural-connect.html]
[www.clicktap.ae/assets/img/portfolio/Boma Rural Connect Case Study by Clicktap Digital.webp]
[www.clicktap.ae/portfolio/creatives/cs-glowing-shield.html]
[www.clicktap.ae/assets/img/portfolio/Glowing Shield Case Study by Clicktap Digital.webp]
[www.clicktap.ae/portfolio/creatives/cs-godolphin.html]
[www.clicktap.ae/assets/img/portfolio/Godolphin Case Study by Clicktap Digital.webp]
[www.clicktap.ae/portfolio/creatives/cs-le-viera-home.html]
[www.clicktap.ae/assets/img/portfolio/Leviera Case Study by Clicktap Digital.webp]
[www.clicktap.ae/portfolio/creatives/cs-nfpc.html]
[www.clicktap.ae/assets/img/portfolio/NFPC Case Study by Clicktap Digital.webp]
[www.clicktap.ae/portfolio/website/burj-mayfair-website.html]
[www.clicktap.ae/assets/img/portfolio_web/burjmayfair/Website.Thumbnail(BurjMayfair).webp]
[www.clicktap.ae/assets/img/portfolio_web/fonenxt/Website.Thumbnail(Fonenxt).webp]
[www.clicktap.ae/portfolio/website/fonenxt.html]
[www.clicktap.ae/portfolio/website/interbay.html]
[www.clicktap.ae/assets/img/portfolio_web/interbay/CaseStudy.Website.Thumbnail(Interbay).webp]
[www.clicktap.ae/portfolio/website/le-viera-home.html]
[www.clicktap.ae/assets/img/portfolio_web/le-viera/CaseStudy.Website.Thumbnail(LeVieraHome).webp]
[www.clicktap.ae/portfolio/website/tahseen-aviation.html]
[www.clicktap.ae/assets/img/portfolio_web/tahseen-aviation/CaseStudy.Website.Thumbnail(Tahseen Aviation).webp]
[www.clicktap.ae/portfolio/website-development-ui-ux/cs-imepress-express.html]
[www.clicktap.ae/assets/img/portfolio/Imepress Express Case Study by Clicktap Digital.webp]
[www.clicktap.ae/portfolio/website-development-ui-ux/cs-adamjee-insurance.html]
[www.clicktap.ae/assets/img/portfolio/Adamjee Insurance Case Study by Clicktap Digital.webp]
[www.clicktap.ae/portfolio/website-development-ui-ux/cs-tahseen-aviation.html]
[www.clicktap.ae/assets/img/portfolio/Tahseen Aviation Case Study by Clicktap Digital.webp]
[www.clicktap.ae/portfolio/website-development-ui-ux/cs-klip-digital-cash.html]
[www.clicktap.ae/assets/img/portfolio/Klip Case Study by Clicktap Digital.webp]
[www.clicktap.ae/portfolio/website-development-ui-ux/cs-laxmi-digital.html]
[www.clicktap.ae/assets/img/portfolio/Laxmi Bank Case Study by Clicktap Digitalaxmi Digital.webp]
[www.clicktap.ae/assets/img/work/video-thumb/1.jpg]
[www.clicktap.ae/assets/img/work/video-thumb/2.jpg]
[www.clicktap.ae/assets/img/work/video-thumb/3.jpg]
[www.clicktap.ae/assets/img/work/video-thumb/4.jpg]
[www.clicktap.ae/assets/img/work/video-thumb/5.jpg]
[www.clicktap.ae/assets/img/work/video-thumb/6.jpg]
[www.clicktap.ae/assets/img/work/video-thumb/7.jpg]
[www.clicktap.ae/assets/img/work/video-thumb/8.jpg]
[www.clicktap.ae/assets/img/work/video-thumb/9.jpg]
[www.clicktap.ae/assets/img/work/video-thumb/10.jpg]
[www.clicktap.ae/assets/img/work/video-thumb/11.jpg]
[www.clicktap.ae/assets/img/work/video-thumb/12.jpg]
[www.clicktap.ae/assets/img/work/video-thumb/13.jpg]
[www.clicktap.ae/assets/img/work/video-thumb/14.jpg]
[www.clicktap.ae/assets/img/work/video-thumb/15.jpg]
[www.clicktap.ae/assets/img/work/video-thumb/16.jpg]
[www.clicktap.ae/assets/img/work/video-thumb/17.jpg]
[www.clicktap.ae/assets/img/work/video-thumb/18.jpg]
[www.clicktap.ae/assets/img/work/video-thumb/19.jpg]
[www.clicktap.ae/assets/img/work/video-thumb/20.jpg]
[www.clicktap.ae/assets/img/work/video-thumb/21.jpg]
[www.clicktap.ae/assets/img/work/video-thumb/22.jpg]
[www.clicktap.ae/assets/img/work/video-thumb/23.jpg]
[www.clicktap.ae/assets/img/work/video-thumb/24.jpg]
[www.clicktap.ae/assets/img/work/video-thumb/25.jpg]
[www.clicktap.ae/assets/img/work/video-thumb/26.jpg]
[www.clicktap.ae/assets/img/work/video-thumb/27.jpg]
[www.clicktap.ae/assets/img/work/video-thumb/28.jpg]
[www.clicktap.ae/assets/img/work/video-thumb/29.jpg]
[www.clicktap.ae/assets/img/work/video-thumb/30.jpg]
[www.clicktap.ae/assets/img/work/video-thumb/31.jpg]
[www.clicktap.ae/assets/img/work/video-thumb/32.jpg]
[www.clicktap.ae/assets/img/work/video-thumb/33.jpg]
[www.clicktap.ae/assets/img/work/video-thumb/34.jpg]
[www.clicktap.ae/assets/img/work/video-thumb/35.jpg]
[www.clicktap.ae/assets/img/work/video-thumb/36.jpg]
[www.clicktap.ae/assets/img/work/video-thumb/37.jpg]
[www.clicktap.ae/assets/img/work/video-thumb/38.jpg]
[www.clicktap.ae/assets/img/work/video-thumb/39.jpg]
[www.clicktap.ae/assets/js/imagesloaded.pkgd.min.js]
[www.clicktap.ae/assets/js/fancybox.umd.js]
[www.clicktap.ae/assets/js/isotope.pkgd.min.js]
[www.clicktap.ae/portfolio.html]
[www.clicktap.ae/assets/js/portfolio.main.js]
[www.clicktap.ae/assets/img/logo-dark.svg]
[www.clicktap.ae/assets/img/logo-dark-sm.svg]
[www.clicktap.ae/assets/img/icons/phone.svg]
[www.clicktap.ae/assets/img/icons/mail.svg]
[www.clicktap.ae/assets/img/icons/pin.svg]
[www.clicktap.ae/assets/img/phone-1.png]
[www.clicktap.ae/assets/img/map.svg]
[www.clicktap.ae/contact.html]
[www.clicktap.ae/assets/js/contact.main.js]
[www.clicktap.ae/assets/img/bg/4.jpg]
[www.clicktap.ae/assets/js/career.main.js]
[www.clicktap.ae/career.html]
[www.clicktap.ae/blog/ai-driven-content-creation.html]
[www.clicktap.ae/blog/the-evolution-of-ai-in-marketing-a-historical-perspective.html]
[www.clicktap.ae/blog/website-design-and-development-in-2025.html]
[www.clicktap.ae/blog/the-importance-of-ui-ux-design-in-2025.html]
[www.clicktap.ae/blog/best-influencer-marketing-agency-in-dubai.html]
[www.clicktap.ae/blog/future-trends-in-responsive-website-design.html]
[code.jquery.com/jquery-3.6.0.min.js]
[www.clicktap.ae/blog.html]
[www.clicktap.ae/assets/js/trends.main.js]
[www.clicktap.ae/assets/img/muted.svg]
[www.clicktap.ae/assets/img/tooltip.svg]
[www.clicktap.ae/assets/img/search-icon.svg]
[www.clicktap.ae/assets/img/apps-icon.svg]
[www.clicktap.ae/assets/img/display-icon.svg]
[www.clicktap.ae/assets/img/certification-video-icon.svg]
[www.clicktap.ae/assets/img/shopping-icon.svg]
[www.clicktap.ae/assets/img/logo-gray.svg]
[www.clicktap.ae/assets/img/logo-gray-color.svg]
[www.clicktap.ae/assets/img/goog-p.svg]
[www.clicktap.ae/blog6f95.html]
[www.clicktap.ae/assets/img/google-p-color.svg]
[www.clicktap.ae/assets/img/fbm.svg]
[www.clicktap.ae/assets/img/fbm-color.svg]
[www.clicktap.ae/assets/img/Smrush Agency Partners - bw.svg]
[www.clicktap.ae/terms-and-conditions.html]
[www.clicktap.ae/assets/img/Smrush Agency Partners - Color Logo.svg]
[www.clicktap.ae/privacy-policy.html]
[www.clicktap.ae/footer.html]
[www.clicktap.ae/assets/webfonts/fa-brands-400.svg]
[www.clicktap.ae/assets/webfonts/fa-regular-400.svg]
[www.clicktap.ae/assets/webfonts/fa-solid-900.svg]
[www.clicktap.ae/assets/webfonts/ZonaPro/ZonaPro-ExtraBold.woff2]
[www.clicktap.ae/assets/webfonts/ZonaPro/ZonaPro-ExtraBold.woff]
[www.clicktap.ae/assets/webfonts/ZonaPro/ZonaPro-Bold.woff2]
[www.clicktap.ae/assets/webfonts/ZonaPro/ZonaPro-Bold.woff]
[www.clicktap.ae/assets/webfonts/ZonaPro/ZonaPro-BoldItalic.woff2]
[www.clicktap.ae/assets/webfonts/ZonaPro/ZonaPro-BoldItalic.woff]
[www.clicktap.ae/assets/webfonts/ZonaPro/ZonaPro-ExtraBoldItalic.woff2]
[www.clicktap.ae/assets/webfonts/ZonaPro/ZonaPro-ExtraBoldItalic.woff]
[www.clicktap.ae/assets/webfonts/ZonaPro/ZonaPro-Hairline.woff2]
[www.clicktap.ae/assets/webfonts/ZonaPro/ZonaPro-Hairline.woff]
[www.clicktap.ae/assets/webfonts/ZonaPro/ZonaPro-HairlineItalic.woff2]
[www.clicktap.ae/assets/webfonts/ZonaPro/ZonaPro-HairlineItalic.woff]
[www.clicktap.ae/assets/webfonts/ZonaPro/ZonaPro.woff2]
[www.clicktap.ae/assets/webfonts/ZonaPro/ZonaPro.woff]
[www.clicktap.ae/assets/webfonts/ZonaPro/ZonaPro-Light.woff2]
[www.clicktap.ae/assets/webfonts/ZonaPro/ZonaPro-Light.woff]
[www.clicktap.ae/assets/webfonts/ZonaPro/ZonaPro-RegularItalic.woff2]
[www.clicktap.ae/assets/webfonts/ZonaPro/ZonaPro-RegularItalic.woff]
[www.clicktap.ae/assets/webfonts/ZonaPro/ZonaPro-LightItalic.woff2]
[www.clicktap.ae/assets/webfonts/ZonaPro/ZonaPro-LightItalic.woff]
[www.clicktap.ae/assets/webfonts/ZonaPro/ZonaPro-Black.woff2]
[www.clicktap.ae/assets/webfonts/ZonaPro/ZonaPro-Black.woff]
[www.clicktap.ae/assets/webfonts/ZonaPro/ZonaPro-SemiBold.woff2]
[www.clicktap.ae/assets/webfonts/ZonaPro/ZonaPro-SemiBold.woff]
[www.clicktap.ae/assets/webfonts/ZonaPro/ZonaPro-SemiBoldItalic.woff2]
[www.clicktap.ae/assets/webfonts/ZonaPro/ZonaPro-SemiBoldItalic.woff]
[www.clicktap.ae/assets/webfonts/ZonaPro/ZonaPro-Thin.woff2]
[www.clicktap.ae/assets/webfonts/ZonaPro/ZonaPro-Thin.woff]
[www.clicktap.ae/assets/webfonts/ZonaPro/ZonaPro-ThinItalic.woff2]
[www.clicktap.ae/assets/webfonts/ZonaPro/ZonaPro-ThinItalic.woff]
[www.clicktap.ae/assets/webfonts/ZonaPro/ZonaPro-BlackItalic.woff2]
[www.clicktap.ae/assets/webfonts/ZonaPro/ZonaPro-BlackItalic.woff]
[www.clicktap.ae/assets/webfonts/ZonaPro/stylesheet.css]
[cdnjs.cloudflare.com/ajax/libs/intl-tel-input/17.0.13/img/flags.png]
[cdnjs.cloudflare.com/ajax/libs/intl-tel-input/17.0.13/css/intlTelInput.css]
[www.clicktap.ae/form.html]
[www.clicktap.ae/header.html]
[www.googletagmanager.com/gtm5445.html]
[cdnjs.cloudflare.com/ajax/libs/intl-tel-input/17.0.13/img/flags@2x.png]
[connect.facebook.net/en_US/fbevents.js]
[www.clicktap.ae/case-studies.html]
[www.clicktap.ae/assets/css/swiper-bundle.min.css]
[www.clicktap.ae/assets/css/social-media.css]
[www.clicktap.ae/assets/img/icons/creative.svg]
[www.clicktap.ae/assets/img/service/creative/creative-1.png]
[www.clicktap.ae/assets/img/service/creative/model-3.png]
[www.clicktap.ae/assets/img/service/creative/logo-design.svg]
[www.clicktap.ae/assets/img/service/creative/creative-artwork.svg]
[www.clicktap.ae/assets/img/service/creative/packaging-design.svg]
[www.clicktap.ae/assets/img/service/creative/video-production.svg]
[www.clicktap.ae/assets/img/service/creative/creative-presentation.svg]
[www.clicktap.ae/assets/img/clients/1.svg]
[www.clicktap.ae/assets/img/clients/2.svg]
[www.clicktap.ae/assets/img/clients/3.svg]
[www.clicktap.ae/assets/img/clients/4.svg]
[www.clicktap.ae/assets/img/clients/5.svg]
[www.clicktap.ae/assets/img/clients/6.svg]
[www.clicktap.ae/assets/img/clients/7.svg]
[www.clicktap.ae/assets/img/clients/8.svg]
[www.clicktap.ae/assets/img/clients/10.svg]
[www.clicktap.ae/assets/img/clients/12.svg]
[www.clicktap.ae/assets/img/clients/11.svg]
[www.clicktap.ae/assets/img/clients/15.svg]
[www.clicktap.ae/assets/img/clients/16.svg]
[www.clicktap.ae/assets/img/clients/13.svg]
[www.clicktap.ae/assets/img/clients/17.svg]
[www.clicktap.ae/assets/img/clients/19.svg]
[www.clicktap.ae/assets/img/clients/14.svg]
[www.clicktap.ae/assets/img/clients/21.svg]
[www.clicktap.ae/assets/img/clients/22.svg]
[www.clicktap.ae/assets/img/clients/9.svg]
[www.clicktap.ae/assets/img/clients/23.svg]
[www.clicktap.ae/assets/img/clients/20.svg]
[www.clicktap.ae/assets/img/clients/24.svg]
[www.clicktap.ae/assets/img/clients/18.svg]
[www.clicktap.ae/assets/img/clients/25.svg]
[www.clicktap.ae/assets/img/clients/26.svg]
[www.clicktap.ae/assets/img/clients/27.svg]
[www.clicktap.ae/assets/img/clients/28.svg]
[www.clicktap.ae/assets/img/clients/29.svg]
[www.clicktap.ae/assets/img/clients/30.svg]
[www.clicktap.ae/assets/img/clients/31.svg]
[www.clicktap.ae/assets/img/clients/32.svg]
[www.clicktap.ae/assets/img/clients/33.svg]
[www.clicktap.ae/assets/img/clients/35.svg]
[www.clicktap.ae/assets/img/clients/36.svg]
[www.clicktap.ae/assets/img/clients/37.svg]
[www.clicktap.ae/assets/img/clients/34.svg]
[www.clicktap.ae/assets/img/clients/38.svg]
[www.clicktap.ae/assets/img/clients/39.svg]
[www.clicktap.ae/assets/img/clients/41.svg]
[www.clicktap.ae/assets/img/clients/40.svg]
[www.clicktap.ae/assets/img/clients/42.svg]
[www.clicktap.ae/assets/img/clients/43.svg]
[www.clicktap.ae/assets/img/clients/47.svg]
[www.clicktap.ae/assets/img/clients/46.svg]
[www.clicktap.ae/assets/img/clients/45.svg]
[www.clicktap.ae/assets/img/service/creative/work/1.png]
[www.clicktap.ae/assets/img/service/creative/work/2.png]
[www.clicktap.ae/assets/img/clients/48.svg]
[www.clicktap.ae/assets/img/service/creative/work/3.png]
[www.clicktap.ae/assets/img/clients/44.svg]
[www.clicktap.ae/assets/img/service/creative/work/4.png]
[www.clicktap.ae/assets/img/service/creative/work/5.png]
[www.clicktap.ae/assets/img/service/creative/work/6.png]
[www.clicktap.ae/assets/img/service/creative/work/7.png]
[www.clicktap.ae/assets/img/service/creative/work/8.png]
[www.clicktap.ae/assets/img/service/creative/work/9.png]
[www.clicktap.ae/assets/img/service/creative/1.png]
[www.clicktap.ae/assets/img/service/creative/2.png]
[www.clicktap.ae/assets/img/service/creative/3.png]
[www.clicktap.ae/assets/img/service/creative/4.png]
[www.clicktap.ae/assets/img/service/creative/5.png]
[www.clicktap.ae/assets/img/service/creative/6.png]
[www.clicktap.ae/assets/img/service/creative/7.png]
[www.clicktap.ae/assets/img/service/creative/8.png]
[www.clicktap.ae/assets/img/service/creative/9.png]
[www.clicktap.ae/creative-agency-dubai.html]
[www.clicktap.ae/assets/img/service/website/website design and development artwork 2.webp]
[www.clicktap.ae/assets/img/service/website/website design and development artwork 1.webp]
[www.clicktap.ae/assets/img/service/website/Domain and Hosting.svg]
[www.clicktap.ae/assets/img/service/website/Website Design.svg]
[www.clicktap.ae/assets/img/service/website/Website Content.svg]
[www.clicktap.ae/assets/img/service/website/Website Development.svg]
[www.clicktap.ae/assets/img/service/website/Website Maintenance.svg]
[www.clicktap.ae/assets/img/service/website/Wordpress Website Development.svg]
[www.clicktap.ae/assets/img/service/website/Php Website Development.svg]
[www.clicktap.ae/assets/img/service/website/E-commerce Website Development.svg]
[www.clicktap.ae/assets/img/service/website/Angular Website Development.svg]
[www.clicktap.ae/assets/img/service/website/React Js Website Development.svg]
[www.clicktap.ae/assets/img/service/website/Vue Js Website Development.svg]
[www.clicktap.ae/assets/img/service/website/Node Website Development.svg]
[www.clicktap.ae/assets/img/service/website/Ruby Rail Website Development.svg]
[www.clicktap.ae/assets/img/service/website/Python Website Development.svg]
[www.clicktap.ae/assets/img/service/website/Mobile First Website Development.svg]
[www.clicktap.ae/assets/img/service/website/Joomla Website Development.svg]
[www.clicktap.ae/assets/img/service/website/Drupal Website Development.svg]
[www.clicktap.ae/assets/img/service/website/Frontend Website Development.svg]
[www.clicktap.ae/assets/img/service/website/Backend Website Development.svg]
[www.clicktap.ae/assets/img/service/website/Full Stack Websie Development.svg]
[www.clicktap.ae/assets/img/service/website/work/Klip Website Developed by Clicktap Digital.webp]
[www.clicktap.ae/assets/img/service/website/work/Tahseen Aviation Developed by Clicktap Digital.webp]
[www.clicktap.ae/assets/img/service/website/work/Adamjee Insurance Developed by Clicktap Digital.webp]
[www.clicktap.ae/assets/img/service/website/work/Imepress Express Developed by Clicktap Digital.webp]
[www.clicktap.ae/assets/img/service/website/wordpress logo.webp]
[www.clicktap.ae/assets/img/service/website/laravel logo.webp]
[www.clicktap.ae/assets/img/service/website/php logo.webp]
[www.clicktap.ae/assets/img/service/website/woo commerce.webp]
[www.clicktap.ae/assets/img/service/website/React logo.webp]
[www.clicktap.ae/assets/img/service/website/Angular logo.webp]
[www.clicktap.ae/assets/img/service/website/Codeigniter logo.webp]
[www.clicktap.ae/assets/img/service/website/Node Js.webp]
[www.clicktap.ae/assets/img/service/website/python logo.webp]
[www.clicktap.ae/assets/img/service/website/my sql logo .webp]
[www.clicktap.ae/assets/img/service/website/mongo db logo.webp]
[www.clicktap.ae/website-design-and-development-company-dubai.html]
[www.clicktap.ae/assets/img/icons/uiux.png]
[www.clicktap.ae/assets/img/UI-UX-Design Agency-Planing-Process.webp]
[www.clicktap.ae/assets/img/Bank-App-UI-UX-Design.webp]
[www.clicktap.ae/assets/img/service/uiux/ui-design-service.svg]
[www.clicktap.ae/assets/img/service/uiux/UX.svg]
[www.clicktap.ae/assets/img/service/uiux/Interaction-Design.svg]
[www.clicktap.ae/assets/img/service/uiux/Mobile-App-Design.svg]
[www.clicktap.ae/assets/img/service/uiux/Website-Design.svg]
[www.clicktap.ae/ui-ux-design-agency-dubai.html]
[www.clicktap.ae/assets/img/service/seo-3d-artwork.webp]
[www.clicktap.ae/assets/img/service/seo-analytics-dashboard.webp]
[www.clicktap.ae/assets/img/service/seo/toolkit/Toolkit 1.webp]
[www.clicktap.ae/assets/img/service/seo/toolkit/Toolkit 2.webp]
[www.clicktap.ae/assets/img/service/seo/toolkit/Toolkit 3.webp]
[www.clicktap.ae/assets/img/service/seo/toolkit/Toolkit 4.webp]
[www.clicktap.ae/assets/img/service/seo/toolkit/Toolkit 5.webp]
[www.clicktap.ae/assets/img/service/seo/toolkit/Toolkit 6.webp]
[www.clicktap.ae/assets/img/service/seo/toolkit/Toolkit 7.webp]
[www.clicktap.ae/assets/img/service/seo/toolkit/Toolkit 8.webp]
[www.clicktap.ae/assets/img/service/seo/toolkit/Toolkit 9.webp]
[www.clicktap.ae/assets/img/service/seo/toolkit/Toolkit 10.webp]
[www.clicktap.ae/assets/img/service/seo/toolkit/11.webp]
[www.clicktap.ae/assets/img/service/seo/toolkit/12.webp]
[www.clicktap.ae/assets/img/service/seo/toolkit/13.webp]
[www.clicktap.ae/assets/img/service/seo/toolkit/14.webp]
[www.clicktap.ae/assets/img/service/seo/toolkit/15.webp]
[www.clicktap.ae/assets/img/service/seo/toolkit/16.webp]
[www.clicktap.ae/assets/img/service/seo/toolkit/17.webp]
[www.clicktap.ae/assets/img/service/seo/toolkit/18.webp]
[www.clicktap.ae/assets/img/service/seo/toolkit/19.webp]
[www.clicktap.ae/seo-company-dubai.html]
[www.clicktap.ae/assets/img/service/model-1.webp]
[www.clicktap.ae/assets/img/service/model-2.webp]
[www.clicktap.ae/assets/img/service/social/facebook.svg]
[www.clicktap.ae/assets/img/service/social/instagram.svg]
[www.clicktap.ae/assets/img/service/social/twitter.svg]
[www.clicktap.ae/assets/img/service/social/snapchat.svg]
[www.clicktap.ae/assets/img/service/social/tiktok.svg]
[www.clicktap.ae/assets/img/toolkit/1.webp]
[www.clicktap.ae/assets/img/toolkit/2.webp]
[www.clicktap.ae/assets/img/toolkit/3.webp]
[www.clicktap.ae/assets/img/toolkit/4.webp]
[www.clicktap.ae/assets/img/toolkit/5.webp]
[www.clicktap.ae/assets/img/toolkit/6.webp]
[www.clicktap.ae/assets/img/toolkit/7.webp]
[www.clicktap.ae/assets/img/toolkit/8.webp]
[www.clicktap.ae/assets/img/toolkit/9.webp]
[www.clicktap.ae/assets/img/toolkit/10.webp]
[www.clicktap.ae/assets/img/toolkit/11.webp]
[www.clicktap.ae/assets/img/toolkit/12.webp]
[www.clicktap.ae/assets/img/toolkit/13.webp]
[www.clicktap.ae/assets/img/toolkit/14.webp]
[www.clicktap.ae/assets/img/toolkit/15.webp]
[www.clicktap.ae/assets/img/toolkit/16.webp]
[www.clicktap.ae/assets/img/toolkit/17.webp]
[www.clicktap.ae/assets/img/toolkit/18.webp]
[www.clicktap.ae/assets/img/toolkit/19.webp]
[www.clicktap.ae/social-media-agency-dubai.html]
[www.clicktap.ae/assets/img/service/influencer/influencer.svg]
[www.clicktap.ae/assets/img/service/influencer/influencer-1.png]
[www.clicktap.ae/assets/img/service/influencer/influencer.png]
[www.clicktap.ae/assets/img/service/influencer/1.svg]
[www.clicktap.ae/assets/img/service/influencer/2.svg]
[www.clicktap.ae/assets/img/service/influencer/3.svg]
[www.clicktap.ae/assets/img/service/influencer/4.svg]
[www.clicktap.ae/assets/img/service/influencer/5.svg]
[www.clicktap.ae/influencer-marketing-agency-dubai.html]
[www.clicktap.ae/ppc-management-services.html]
[www.clicktap.ae/assets/img/service/animation/CGI 3D Model of Burj khalifa and astronaut play football-1.webp]
[www.clicktap.ae/assets/img/service/animation/3D Dragon Rendered.webp]
[www.clicktap.ae/assets/img/service/animation/CGI EFFECTS.svg]
[www.clicktap.ae/assets/img/service/animation/CHARACHTER ANIMATION.svg]
[www.clicktap.ae/assets/img/service/animation/ARCHITECTURAL VISUALIZATION.svg]
[www.clicktap.ae/assets/img/service/animation/PRODUCT VISUALIZATION.svg]
[www.clicktap.ae/assets/img/service/animation/MOTION GRAPHICS.svg]
[www.clicktap.ae/assets/videos/Bikeshot.mp4]
[www.clicktap.ae/assets/videos/Coffeeshot.mp4]
[www.clicktap.ae/assets/videos/Dragoonshot.mp4]
[www.clicktap.ae/assets/videos/Giftshot.mp4]
[www.clicktap.ae/assets/videos/Perfume.mp4]
[www.clicktap.ae/3d-animation-company-dubai.html]
[www.clicktap.ae/assets/img/icons/photography-videography.svg]
[www.clicktap.ae/assets/img/icons/metaverse.png]
[www.clicktap.ae/assets/img/service/girl-interacting-with-metavserse.webp]
[www.clicktap.ae/assets/img/service/metaverse-2.png]
[www.clicktap.ae/assets/img/service/metaverse/METAVERSE NFT DEVELOPMENTS.svg]
[www.clicktap.ae/assets/img/service/metaverse/METAVERSE NFT MARKET DEVELOPMENTS.svg]
[www.clicktap.ae/assets/img/service/metaverse/DECENTRALIZED PLATFORMS.svg]
[www.clicktap.ae/assets/img/service/metaverse/METAVERSE DIGITAL ASSET DEVELOPMENTS.svg]
[www.clicktap.ae/assets/img/service/metaverse/METAVERSE AVATARS.svg]
[www.clicktap.ae/metaverse-development-company.html]
[www.clicktap.ae/assets/img/icons/public-relations-icon.svg]
[www.clicktap.ae/assets/img/service/pr/Singularity GMBH Article on Khaleej Times-1.png]
[www.clicktap.ae/assets/img/service/pr/forbes-magzine.png]
[www.clicktap.ae/assets/img/service/pr/MEDIA RELATION.svg]
[www.clicktap.ae/assets/img/service/pr/CONTENT CREATION.svg]
[www.clicktap.ae/assets/img/service/pr/CRISIS MANAGEMENT.svg]
[www.clicktap.ae/assets/img/service/pr/INFLUENCER PARTNERSHIP.svg]
[www.clicktap.ae/assets/img/service/pr/REPUTATION MANAGEMENT.svg]
[www.clicktap.ae/public-relations-company-dubai.html]
[www.clicktap.ae/assets/img/icons/GIF/public-relations-icon.svg]
[www.clicktap.ae/digital-strategy-consulting-company.html]
[www.clicktap.ae/online-reputation-management.html]
[www.clicktap.ae/assets/img/augmented-ressource-management.png]
[www.clicktap.ae/assets/img/augmented-ressource.png]
[www.clicktap.ae/assets/img/service/augmented/it.svg]
[www.clicktap.ae/assets/img/service/augmented/banking.svg]
[www.clicktap.ae/assets/img/service/augmented/fmcg.svg]
[www.clicktap.ae/assets/img/service/augmented/digital.svg]
[www.clicktap.ae/assets/img/service/augmented/institute.svg]
[www.clicktap.ae/assets/img/service/augmented/expertise/1.jpg]
[www.clicktap.ae/assets/img/service/augmented/expertise/2.jpg]
[www.clicktap.ae/assets/img/service/augmented/expertise/3.jpg]
[www.clicktap.ae/assets/img/service/augmented/expertise/4.jpg]
[www.clicktap.ae/assets/img/service/augmented/expertise/5.jpg]
[www.clicktap.ae/assets/img/service/augmented/expertise/6.jpg]
[www.clicktap.ae/assets/img/service/augmented/expertise/7.jpg]
[www.clicktap.ae/assets/img/service/augmented/expertise/8.jpg]
[www.clicktap.ae/assets/img/service/augmented/expertise/9.jpg]
[www.clicktap.ae/assets/img/service/augmented/expertise/10.jpg]
[www.clicktap.ae/assets/img/service/augmented/expertise/11.jpg]
[www.clicktap.ae/assets/img/service/augmented/expertise/12.jpg]
[www.clicktap.ae/assets/img/service/augmented/expertise/13.jpg]
[www.clicktap.ae/assets/img/service/augmented/expertise/14.jpg]
[www.clicktap.ae/assets/img/service/augmented/expertise/15.jpg]
[www.clicktap.ae/assets/img/service/augmented/expertise/16.jpg]
[www.clicktap.ae/assets/img/service/augmented/expertise/17.jpg]
[www.clicktap.ae/assets/img/service/augmented/expertise/18.jpg]
[www.clicktap.ae/assets/img/service/augmented/expertise/19.jpg]
[www.clicktap.ae/assets/img/service/augmented/expertise/20.jpg]
[www.clicktap.ae/assets/img/service/augmented/expertise/21.jpg]
[www.clicktap.ae/assets/img/service/augmented/expertise/22.jpg]
[www.clicktap.ae/assets/img/service/augmented/expertise/23.jpg]
[www.clicktap.ae/assets/img/service/augmented/expertise/24.jpg]
[www.clicktap.ae/assets/img/service/augmented/expertise/25.jpg]
[www.clicktap.ae/augmented-resource-management.html]
[www.clicktap.ae/discovery-workshop.html]
[www.clicktap.ae/assets/css/fancybox.css]
[www.clicktap.ae/assets/img/case-study/huawei event.webp]
[www.clicktap.ae/assets/img/case-study/huawei-company.webp]
[www.clicktap.ae/assets/img/case-study/statistics.webp]
[www.clicktap.ae/footer_inner.html]
[www.clicktap.ae/form_inner.html]
[www.clicktap.ae/portfolio/performance-marketing/cs-huawei.html]
[www.clicktap.ae/assets/img/case-study/mashreq-bank.webp]
[www.clicktap.ae/assets/img/case-study/mashreq-bank-logo.webp]
[www.clicktap.ae/assets/img/case-study/mashreq-bank-statistics.webp]
[www.clicktap.ae/portfolio/performance-marketing/cs-mashreq.html]
[www.clicktap.ae/assets/img/case-study/arab-news-website.webp]
[www.clicktap.ae/assets/img/case-study/arab-news-website-pages.webp]
[www.clicktap.ae/assets/img/case-study/arab-news-statistics.webp]
[www.clicktap.ae/portfolio/performance-marketing/cs-arab-news.html]
[www.clicktap.ae/assets/img/case-study/axiom-mark-website-mobile.webp]
[www.clicktap.ae/assets/img/case-study/Axiom-Mark-Website.webp]
[www.clicktap.ae/assets/img/case-study/axiom-mark-statistics.webp]
[www.clicktap.ae/portfolio/performance-marketing/cs-axiom-mark.html]
[www.clicktap.ae/assets/img/case-study/5asec-mobile-app.webp]
[www.clicktap.ae/assets/img/case-study/5asec-advertisement.webp]
[www.clicktap.ae/assets/img/case-study/5asec-statistics.webp]
[www.clicktap.ae/portfolio/performance-marketing/cs-5asec.html]
[www.clicktap.ae/assets/img/case-study/honor-website.webp]
[www.clicktap.ae/assets/img/case-study/honor-mobile.webp]
[www.clicktap.ae/assets/img/case-study/honor-seo-statistics.webp]
[www.clicktap.ae/portfolio/performance-marketing/cs-honor.html]
[www.clicktap.ae/assets/img/case-study/oasis-water-bottles-1.webp]
[www.clicktap.ae/assets/img/case-study/oasis-website.webp]
[www.clicktap.ae/assets/img/case-study/oasis-water-bottles.webp]
[www.clicktap.ae/portfolio/performance-marketing/cs-oasis.html]
[www.clicktap.ae/assets/img/case-study/kaplan.webp]
[www.clicktap.ae/assets/img/case-study/kaplan-emailer.webp]
[www.clicktap.ae/assets/img/case-study/kaplan-website-statistics.webp]
[www.clicktap.ae/portfolio/performance-marketing/cs-kaplan.html]
[www.clicktap.ae/assets/img/work/Frame3938.png]
[www.clicktap.ae/assets/img/work/Frame3940.png]
[www.clicktap.ae/assets/img/work/Frame3941.png]
[www.clicktap.ae/assets/img/work/Frame39h40.png]
[www.clicktap.ae/portfolio/social-media-management/cs-gulf-oil.html]
[www.clicktap.ae/assets/img/work/Frame13938.png]
[www.clicktap.ae/assets/img/work/Framed3940.png]
[www.clicktap.ae/assets/img/work/Framsx3941.png]
[www.clicktap.ae/assets/img/work/Frameds3940.png]
[www.clicktap.ae/assets/img/work/Framecsv3938.png]
[www.clicktap.ae/portfolio/social-media-management/cs-singularity-gmbh.html]
[www.clicktap.ae/assets/img/work/Frameds3939.png]
[www.clicktap.ae/assets/img/work/Frameewd3940.png]
[www.clicktap.ae/assets/img/work/Framre3941.png]
[www.clicktap.ae/assets/img/work/Framee3940.png]
[www.clicktap.ae/assets/img/work/Framew3938.png]
[www.clicktap.ae/portfolio/social-media-management/cs-gautier.html]
[www.clicktap.ae/assets/img/work/Framefs3938.png]
[www.clicktap.ae/assets/img/work/Framefsd3940.png]
[www.clicktap.ae/assets/img/work/Framegs3941.png]
[www.clicktap.ae/assets/img/work/Framefsg3940.png]
[www.clicktap.ae/portfolio/social-media-management/cs-al-ain.html]
[www.clicktap.ae/assets/img/work/Frameds939.png]
[www.clicktap.ae/assets/img/work/Framesd940.png]
[www.clicktap.ae/assets/img/work/Framedd3941.png]
[www.clicktap.ae/assets/img/work/Framedd3940.png]
[www.clicktap.ae/assets/img/work/Framedfsf3938.png]
[www.clicktap.ae/portfolio/social-media-management/cs-al-ghurair-facilities-solutions.html]
[www.clicktap.ae/assets/img/work/Framefsd938.png]
[www.clicktap.ae/assets/img/work/Framefsdfa3940.png]
[www.clicktap.ae/assets/img/work/Framdas3939.png]
[www.clicktap.ae/assets/img/work/Framewerew3940.png]
[www.clicktap.ae/assets/img/work/Framesfa938.png]
[www.clicktap.ae/portfolio/social-media-management/cs-noor-takaful.html]
[www.clicktap.ae/assets/img/work/fasdfa.png]
[www.clicktap.ae/assets/img/work/sadasdas.png]
[www.clicktap.ae/assets/img/work/fsadf.png]
[www.clicktap.ae/assets/img/work/gsfag.png]
[www.clicktap.ae/assets/img/work/gdfsg.png]
[www.clicktap.ae/assets/img/work/fsdafsadf.png]
[www.clicktap.ae/assets/img/work/ADAd.png]
[www.clicktap.ae/portfolio/creatives/cs-boma-rural-connect.html]
[www.clicktap.ae/assets/img/work/fsdafs.png]
[www.clicktap.ae/assets/img/work/fsdafsdaf.png]
[www.clicktap.ae/assets/img/work/gsa.png]
[www.clicktap.ae/assets/img/work/FASDFDSAFSD.png]
[www.clicktap.ae/assets/img/work/faF.png]
[www.clicktap.ae/assets/img/work/sdfas.png]
[www.clicktap.ae/assets/img/work/fsdaf.png]
[www.clicktap.ae/portfolio/creatives/cs-glowing-shield.html]
[www.clicktap.ae/assets/img/work/fwf.png]
[www.clicktap.ae/assets/img/work/fs.png]
[www.clicktap.ae/assets/img/work/fgafadfs.png]
[www.clicktap.ae/assets/img/work/bfshbdhj.png]
[www.clicktap.ae/portfolio/creatives/cs-godolphin.html]
[www.clicktap.ae/assets/img/work/bwfjhbwfj.png]
[www.clicktap.ae/assets/img/work/bcjhwdbchw.png]
[www.clicktap.ae/assets/img/work/bajhbdajb.png]
[www.clicktap.ae/assets/img/work/nadskjdn.png]
[www.clicktap.ae/assets/img/work/Framedqwdqw3949.png]
[www.clicktap.ae/assets/img/work/nadkjsan.png]
[www.clicktap.ae/assets/img/work/nfkjsd.png]
[www.clicktap.ae/assets/img/work/abchas.png]
[www.clicktap.ae/portfolio/creatives/cs-le-viera-home.html]
[www.clicktap.ae/assets/img/work/knfsdkj.png]
[www.clicktap.ae/assets/img/work/nfjdnf.png]
[www.clicktap.ae/assets/img/work/dqwdq.png]
[www.clicktap.ae/assets/img/work/asdsad.png]
[www.clicktap.ae/assets/img/work/kfnkjdf.png]
[www.clicktap.ae/assets/img/work/nckjsdnc.png]
[www.clicktap.ae/assets/img/work/nvjksdn.png]
[www.clicktap.ae/assets/img/work/cnkajcna.png]
[www.clicktap.ae/assets/img/work/cnkjxcn.png]
[www.clicktap.ae/portfolio/creatives/cs-nfpc.html]
[www.clicktap.ae/assets/css/portfolio/alldesign.css]
[www.clicktap.ae/assets/img/portfolio_web/burjmayfair/burjmayfair.webp]
[www.clicktap.ae/assets/img/portfolio_web/burjmayfair/video-background.webp]
[www.clicktap.ae/assets/img/portfolio_web/burjmayfair/burj-mayfair-website-video.mp4]
[www.clicktap.ae/assets/img/portfolio_web/burjmayfair/boxesimages.png]
[www.clicktap.ae/assets/img/portfolio_web/burjmayfair/fullpage2.webp]
[www.clicktap.ae/assets/img/portfolio_web/burjmayfair/image-container.webp]
[www.clicktap.ae/assets/img/portfolio_web/burjmayfair/boxes.webp]
[www.clicktap.ae/assets/img/portfolio_web/burjmayfair/area-bg.webp]
[www.clicktap.ae/assets/img/portfolio_web/burjmayfair/1.webp]
[www.clicktap.ae/assets/img/portfolio_web/burjmayfair/2.webp]
[www.clicktap.ae/assets/img/portfolio_web/burjmayfair/3.webp]
[www.clicktap.ae/assets/img/portfolio_web/burjmayfair/4.webp]
[www.clicktap.ae/assets/img/portfolio_web/burjmayfair/5.webp]
[www.clicktap.ae/assets/img/portfolio_web/burjmayfair/6.webp]
[www.clicktap.ae/assets/img/portfolio_web/burjmayfair/orignal.mp4]
[www.clicktap.ae/footer_portfolio.html]
[www.clicktap.ae/portfolio/website/burj-mayfair-website.html]
[www.clicktap.ae/assets/img/portfolio_web/fonenxt/fonenxt-logo.webp]
[www.clicktap.ae/assets/img/portfolio_web/fonenxt/video-background.webp]
[www.clicktap.ae/assets/img/portfolio_web/fonenxt/CT.FoneNxt.Banner.mp4]
[www.clicktap.ae/assets/img/portfolio_web/fonenxt/video-area-bg.webp]
[www.clicktap.ae/assets/img/portfolio_web/fonenxt/website-frontend.webp]
[www.clicktap.ae/assets/img/portfolio_web/fonenxt/website-landingpage.webp]
[www.clicktap.ae/assets/img/portfolio_web/fonenxt/multitext.webp]
[www.clicktap.ae/assets/img/portfolio_web/fonenxt/CT.FoneNxt.Video7.mp4]
[www.clicktap.ae/assets/img/portfolio_web/fonenxt/CT.FoneNxt.Video2.mp4]
[www.clicktap.ae/assets/img/portfolio_web/fonenxt/area-bg.webp]
[www.clicktap.ae/assets/img/portfolio_web/fonenxt/1.webp]
[www.clicktap.ae/assets/img/portfolio_web/fonenxt/2.webp]
[www.clicktap.ae/assets/img/portfolio_web/fonenxt/3.webp]
[www.clicktap.ae/assets/img/portfolio_web/fonenxt/4.webp]
[www.clicktap.ae/assets/img/portfolio_web/fonenxt/template.mp4]
[www.clicktap.ae/portfolio/website/fonenxt.html]
[www.clicktap.ae/assets/img/portfolio_web/interbay/interbay_logo.webp]
[www.clicktap.ae/assets/img/portfolio_web/interbay/CT.Interbay.Banner.webp]
[www.clicktap.ae/assets/img/portfolio_web/interbay/Clicktap video (5).mp4]
[www.clicktap.ae/assets/img/portfolio_web/interbay/inter-about.webp]
[www.clicktap.ae/assets/img/portfolio_web/interbay/inter-home.webp]
[www.clicktap.ae/assets/img/portfolio_web/interbay/CT.Interbay.Image3.webp]
[www.clicktap.ae/assets/img/portfolio_web/interbay/Interbay 2.mp4]
[www.clicktap.ae/assets/img/portfolio_web/interbay/CT.Interbay.Banner2.webp]
[www.clicktap.ae/assets/img/portfolio_web/interbay/Interbay 3.mp4]
[www.clicktap.ae/portfolio/website/interbay.html]
[www.clicktap.ae/assets/img/portfolio_web/le-viera/Logo.webp]
[www.clicktap.ae/assets/img/portfolio_web/le-viera/backgound.webp]
[www.clicktap.ae/assets/img/portfolio_web/le-viera/le-viera-banner.mp4]
[www.clicktap.ae/assets/img/portfolio_web/le-viera/about.webp]
[www.clicktap.ae/assets/img/portfolio_web/le-viera/home.webp]
[www.clicktap.ae/assets/img/portfolio_web/le-viera/col-1-image.webp]
[www.clicktap.ae/assets/img/portfolio_web/le-viera/CT.LeVieraHomes.mp4]
[www.clicktap.ae/assets/img/portfolio_web/le-viera/last-bg.webp]
[www.clicktap.ae/assets/img/portfolio_web/le-viera/le-viera-last.mp4]
[www.clicktap.ae/portfolio/website/le-viera-home.html]
[www.clicktap.ae/assets/img/portfolio_web/tahseen-aviation/Logo.webp]
[www.clicktap.ae/assets/img/portfolio_web/tahseen-aviation/Homapage.webp]
[www.clicktap.ae/assets/img/portfolio_web/tahseen-aviation/Tahseen-banner.mp4]
[www.clicktap.ae/assets/img/portfolio_web/tahseen-aviation/Developers-about.webp]
[www.clicktap.ae/assets/img/portfolio_web/tahseen-aviation/Developers-home.webp]
[www.clicktap.ae/assets/img/portfolio_web/tahseen-aviation/boxes-group.webp]
[www.clicktap.ae/assets/img/portfolio_web/tahseen-aviation/boxes group 2.webp]
[www.clicktap.ae/assets/img/portfolio_web/tahseen-aviation/Tahseen-partner.mp4]
[www.clicktap.ae/assets/img/portfolio_web/tahseen-aviation/Tahseen-last.mp4]
[www.clicktap.ae/portfolio/website/tahseen-aviation.html]
[www.clicktap.ae/assets/img/work/Framejhv3936.png]
[www.clicktap.ae/assets/img/work/Framehgj942.png]
[www.clicktap.ae/assets/img/work/Frameghv3941.png]
[www.clicktap.ae/assets/img/work/Framejhv.png]
[www.clicktap.ae/portfolio/website-development-ui-ux/cs-imepress-express.html]
[www.clicktap.ae/assets/img/work/fhgfhgfhd.png]
[www.clicktap.ae/assets/img/work/dkjasdhka.png]
[www.clicktap.ae/assets/img/work/dnajksdn.png]
[www.clicktap.ae/assets/img/work/nfkjdf.png]
[www.clicktap.ae/assets/img/work/nnjkasnd.png]
[www.clicktap.ae/portfolio/website-development-ui-ux/cs-adamjee-insurance.html]
[www.clicktap.ae/assets/img/work/bjhbjh.png]
[www.clicktap.ae/assets/img/work/bkjhj.png]
[www.clicktap.ae/assets/img/work/bhj.png]
[www.clicktap.ae/assets/img/work/bhjbjh.png]
[www.clicktap.ae/portfolio/website-development-ui-ux/cs-tahseen-aviation.html]
[www.clicktap.ae/assets/img/work/xdcfvg.png]
[www.clicktap.ae/assets/img/work/fghbjnk.png]
[www.clicktap.ae/assets/img/work/bjhbl.png]
[www.clicktap.ae/assets/img/work/bjhb.png]
[www.clicktap.ae/assets/img/work/zsxdcfvgbhun.png]
[www.clicktap.ae/portfolio/website-development-ui-ux/cs-klip-digital-cash.html]
[www.clicktap.ae/assets/img/work/nhtbgvf.png]
[www.clicktap.ae/assets/img/work/nhtbgfvcd.png]
[www.clicktap.ae/assets/img/work/tbgrfv.png]
[www.clicktap.ae/assets/img/work/rbfvwecdwxs.png]
[www.clicktap.ae/assets/img/work/rfwdcs.png]
[www.clicktap.ae/portfolio/website-development-ui-ux/cs-laxmi-digital.html]
[www.clicktap.ae/assets/img/logo-dark.svg]
[www.clicktap.ae/assets/img/logo-dark-sm.svg]
[www.clicktap.ae/assets/img/icons/phone.svg]
[www.clicktap.ae/assets/img/icons/mail.svg]
[www.clicktap.ae/assets/img/icons/pin.svg]
[www.clicktap.ae/assets/img/map.svg]
[www.clicktap.ae/footer_inner_blog.html]
[www.clicktap.ae/blog/ai-driven-content-creation.html]
[www.clicktap.ae/blog/the-evolution-of-ai-in-marketing-a-historical-perspective.html]
[www.clicktap.ae/blog/website-design-and-development-in-2025.html]
[www.clicktap.ae/blog/the-importance-of-ui-ux-design-in-2025.html]
[www.clicktap.ae/blog/best-influencer-marketing-agency-in-dubai.html]
[www.clicktap.ae/blog/future-trends-in-responsive-website-design.html]
[www.clicktap.ae/blog6f95.html]
[www.clicktap.ae/assets/img/logo-gray.svg]
[www.clicktap.ae/assets/img/logo-gray-color.svg]
[www.clicktap.ae/assets/img/goog-p.svg]
[www.clicktap.ae/assets/img/google-p-color.svg]
[www.clicktap.ae/assets/img/fbm.svg]
[www.clicktap.ae/assets/img/fbm-color.svg]
[www.clicktap.ae/assets/img/Smrush Agency Partners - bw.svg]
[www.clicktap.ae/assets/img/Smrush Agency Partners - Color Logo.svg]
[www.clicktap.ae/terms-and-conditions.html]
[www.clicktap.ae/privacy-policy.html]
[www.clicktap.ae/a.html]
[www.clicktap.ae/POST.html]
[www.clicktap.ae/schema.org/index.html]
[www.clicktap.ae/b.html]
[www.clicktap.ae/signals/iwl.html]
[www.clicktap.ae/assets/css/swiper-bundle.min.css]
[www.clicktap.ae/assets/css/social-media.css]
[www.clicktap.ae/assets/img/icons/creative.svg]
[www.clicktap.ae/assets/img/service/creative/logo-design.svg]
[www.clicktap.ae/assets/img/service/creative/creative-artwork.svg]
[www.clicktap.ae/assets/img/service/creative/packaging-design.svg]
[www.clicktap.ae/assets/img/service/creative/video-production.svg]
[www.clicktap.ae/assets/img/service/creative/creative-presentation.svg]
[www.clicktap.ae/assets/img/clients/1.svg]
[www.clicktap.ae/assets/img/clients/2.svg]
[www.clicktap.ae/assets/img/clients/3.svg]
[www.clicktap.ae/assets/img/clients/4.svg]
[www.clicktap.ae/assets/img/clients/5.svg]
[www.clicktap.ae/assets/img/clients/6.svg]
[www.clicktap.ae/assets/img/clients/7.svg]
[www.clicktap.ae/assets/img/clients/8.svg]
[www.clicktap.ae/assets/img/clients/9.svg]
[www.clicktap.ae/assets/img/clients/10.svg]
[www.clicktap.ae/assets/img/clients/11.svg]
[www.clicktap.ae/assets/img/clients/12.svg]
[www.clicktap.ae/assets/img/clients/13.svg]
[www.clicktap.ae/assets/img/clients/14.svg]
[www.clicktap.ae/assets/img/clients/15.svg]
[www.clicktap.ae/assets/img/clients/16.svg]
[www.clicktap.ae/assets/img/clients/17.svg]
[www.clicktap.ae/assets/img/clients/18.svg]
[www.clicktap.ae/assets/img/clients/19.svg]
[www.clicktap.ae/assets/img/clients/20.svg]
[www.clicktap.ae/assets/img/clients/21.svg]
[www.clicktap.ae/assets/img/clients/22.svg]
[www.clicktap.ae/assets/img/clients/23.svg]
[www.clicktap.ae/assets/img/clients/24.svg]
[www.clicktap.ae/assets/img/clients/25.svg]
[www.clicktap.ae/assets/img/clients/26.svg]
[www.clicktap.ae/assets/img/clients/27.svg]
[www.clicktap.ae/assets/img/clients/28.svg]
[www.clicktap.ae/assets/img/clients/29.svg]
[www.clicktap.ae/assets/img/clients/30.svg]
[www.clicktap.ae/assets/img/clients/31.svg]
[www.clicktap.ae/assets/img/clients/32.svg]
[www.clicktap.ae/assets/img/clients/33.svg]
[www.clicktap.ae/assets/img/clients/34.svg]
[www.clicktap.ae/assets/img/clients/35.svg]
[www.clicktap.ae/assets/img/clients/36.svg]
[www.clicktap.ae/assets/img/clients/37.svg]
[www.clicktap.ae/assets/img/clients/38.svg]
[www.clicktap.ae/assets/img/clients/39.svg]
[www.clicktap.ae/assets/img/clients/40.svg]
[www.clicktap.ae/assets/img/clients/41.svg]
[www.clicktap.ae/assets/img/clients/42.svg]
[www.clicktap.ae/assets/img/clients/43.svg]
[www.clicktap.ae/assets/img/clients/44.svg]
[www.clicktap.ae/assets/img/clients/45.svg]
[www.clicktap.ae/assets/img/clients/46.svg]
[www.clicktap.ae/assets/img/clients/47.svg]
[www.clicktap.ae/assets/img/clients/48.svg]
[www.clicktap.ae/assets/img/service/website/Domain and Hosting.svg]
[www.clicktap.ae/assets/img/service/website/Website Design.svg]
[www.clicktap.ae/assets/img/service/website/Website Content.svg]
[www.clicktap.ae/assets/img/service/website/Website Development.svg]
[www.clicktap.ae/assets/img/service/website/Website Maintenance.svg]
[www.clicktap.ae/assets/img/service/website/Wordpress Website Development.svg]
[www.clicktap.ae/assets/img/service/website/Php Website Development.svg]
[www.clicktap.ae/assets/img/service/website/E-commerce Website Development.svg]
[www.clicktap.ae/assets/img/service/website/Angular Website Development.svg]
[www.clicktap.ae/assets/img/service/website/React Js Website Development.svg]
[www.clicktap.ae/assets/img/service/website/Vue Js Website Development.svg]
[www.clicktap.ae/assets/img/service/website/Node Website Development.svg]
[www.clicktap.ae/assets/img/service/website/Ruby Rail Website Development.svg]
[www.clicktap.ae/assets/img/service/website/Python Website Development.svg]
[www.clicktap.ae/assets/img/service/website/Mobile First Website Development.svg]
[www.clicktap.ae/assets/img/service/website/Joomla Website Development.svg]
[www.clicktap.ae/assets/img/service/website/Drupal Website Development.svg]
[www.clicktap.ae/assets/img/service/website/Frontend Website Development.svg]
[www.clicktap.ae/assets/img/service/website/Backend Website Development.svg]
[www.clicktap.ae/assets/img/service/website/Full Stack Websie Development.svg]
[www.clicktap.ae/assets/img/service/uiux/ui-design-service.svg]
[www.clicktap.ae/assets/img/service/uiux/UX.svg]
[www.clicktap.ae/assets/img/service/uiux/Interaction-Design.svg]
[www.clicktap.ae/assets/img/service/uiux/Mobile-App-Design.svg]
[www.clicktap.ae/assets/img/service/uiux/Website-Design.svg]
[www.clicktap.ae/assets/img/service/social/facebook.svg]
[www.clicktap.ae/assets/img/service/social/instagram.svg]
[www.clicktap.ae/assets/img/service/social/twitter.svg]
[www.clicktap.ae/assets/img/service/social/snapchat.svg]
[www.clicktap.ae/assets/img/service/social/tiktok.svg]
[www.clicktap.ae/assets/img/service/influencer/influencer.svg]
[www.clicktap.ae/assets/img/service/influencer/1.svg]
[www.clicktap.ae/assets/img/service/influencer/2.svg]
[www.clicktap.ae/assets/img/service/influencer/3.svg]
[www.clicktap.ae/assets/img/service/influencer/4.svg]
[www.clicktap.ae/assets/img/service/influencer/5.svg]
[www.clicktap.ae/assets/img/service/animation/CGI EFFECTS.svg]
[www.clicktap.ae/assets/img/service/animation/CHARACHTER ANIMATION.svg]
[www.clicktap.ae/assets/img/service/animation/ARCHITECTURAL VISUALIZATION.svg]
[www.clicktap.ae/assets/img/service/animation/PRODUCT VISUALIZATION.svg]
[www.clicktap.ae/assets/img/service/animation/MOTION GRAPHICS.svg]
[www.clicktap.ae/assets/img/service/metaverse/METAVERSE NFT DEVELOPMENTS.svg]
[www.clicktap.ae/assets/img/service/metaverse/METAVERSE NFT MARKET DEVELOPMENTS.svg]
[www.clicktap.ae/assets/img/service/metaverse/DECENTRALIZED PLATFORMS.svg]
[www.clicktap.ae/assets/img/service/metaverse/METAVERSE DIGITAL ASSET DEVELOPMENTS.svg]
[www.clicktap.ae/assets/img/service/metaverse/METAVERSE AVATARS.svg]
[www.clicktap.ae/assets/img/icons/public-relations-icon.svg]
[www.clicktap.ae/assets/img/service/pr/MEDIA RELATION.svg]
[www.clicktap.ae/assets/img/service/pr/CONTENT CREATION.svg]
[www.clicktap.ae/assets/img/service/pr/CRISIS MANAGEMENT.svg]
[www.clicktap.ae/assets/img/service/pr/INFLUENCER PARTNERSHIP.svg]
[www.clicktap.ae/assets/img/service/pr/REPUTATION MANAGEMENT.svg]
[www.clicktap.ae/assets/img/service/augmented/it.svg]
[www.clicktap.ae/assets/img/service/augmented/banking.svg]
[www.clicktap.ae/assets/img/service/augmented/fmcg.svg]
[www.clicktap.ae/assets/img/service/augmented/digital.svg]
[www.clicktap.ae/assets/img/service/augmented/institute.svg]
[www.clicktap.ae/portfolio/performance-marketing/assets/img/logo-icon.html]
[www.clicktap.ae/footer_inner.html]
[www.clicktap.ae/form_inner.html]
[www.clicktap.ae/portfolio/social-media-management/assets/img/logo-icon.html]
[www.clicktap.ae/portfolio/creatives/assets/img/logo-icon.html]
[www.clicktap.ae/portfolio/website/assets/js/header-gtm-tag.html]
[www.clicktap.ae/assets/img/portfolio_web/burjmayfair/dimand_bg.png]
[www.clicktap.ae/assets/img/portfolio_web/interbay/after-path.webp]
[www.clicktap.ae/assets/css/portfolio/alldesign.css]
[www.clicktap.ae/portfolio/website/assets/js/body-gtm-tag.html]
[www.clicktap.ae/footer_portfolio.html]
[www.clicktap.ae/portfolio/website/form.html]
[www.clicktap.ae/portfolio/website-development-ui-ux/assets/img/logo-icon.html]
[www.clicktap.ae/blog/assets/js/header-gtm-tag.html]
[www.clicktap.ae/blog/assets/js/body-gtm-tag.html]
[www.clicktap.ae/footer_inner_blog.html]
[maggiesadler.com/wp-content/uploads/2015/10/left-right-arrow.png]
[maggiesadler.com/wp-content/uploads/2015/10/ajax-loader.gif]
[www.clicktap.ae/schema.html]
