[salamaeng.com/index.html]
[backblue.gif]
[fade.gif]
[index.html]
[salamaeng.com/wp-content/plugins/chaty-pro/css/chaty-front.min96e3.css]
[salamaeng.com/feed/index.html]
[salamaeng.com/comments/feed/index.html]
[salamaeng.com/wp-content/plugins/contact-form-7/includes/css/stylese2db.css]
[salamaeng.com/wp-content/plugins/country-phone-field-contact-form-7/assets/css/intlTelInput.mind1c0.css]
[salamaeng.com/wp-content/plugins/country-phone-field-contact-form-7/assets/css/countrySelect.mind1c0.css]
[salamaeng.com/wp-content/plugins/revslider/public/css/sr7efd5.css]
[salamaeng.com/wp-content/plugins/timeline-and-history-slider/assets/css/slick8066.css]
[salamaeng.com/wp-content/plugins/timeline-and-history-slider/assets/css/slick-slider-style8066.css]
[salamaeng.com/wp-content/themes/hello-elementor/style.minb12b.css]
[salamaeng.com/wp-content/themes/hello-elementor/theme.minb12b.css]
[salamaeng.com/wp-content/themes/hello-elementor/header-footer.minb12b.css]
[salamaeng.com/wp-content/plugins/elementor/assets/css/frontend.min44b4.css]
[salamaeng.com/wp-content/uploads/elementor/css/post-6c978.css]
[salamaeng.com/wp-content/plugins/jet-popup/assets/css/jet-popup-frontend1717.css]
[salamaeng.com/wp-content/plugins/elementor/assets/css/widget-icon-list.min44b4.css]
[salamaeng.com/wp-content/plugins/elementor/assets/css/widget-social-icons.min44b4.css]
[salamaeng.com/wp-content/plugins/elementor/assets/css/conditionals/apple-webkit.min44b4.css]
[salamaeng.com/wp-content/plugins/elementor/assets/css/widget-image.min44b4.css]
[salamaeng.com/wp-content/plugins/elementor-pro/assets/css/widget-nav-menu.min81e1.css]
[salamaeng.com/wp-content/plugins/elementor/assets/css/widget-heading.min44b4.css]
[salamaeng.com/wp-content/plugins/elementor/assets/css/widget-text-editor.min44b4.css]
[salamaeng.com/wp-content/plugins/elementor/assets/css/widget-icon-box.min44b4.css]
[salamaeng.com/wp-content/plugins/elementor-pro/assets/css/widget-forms.min81e1.css]
[salamaeng.com/wp-content/plugins/elementor/assets/lib/flatpickr/flatpickr.mineda1.css]
[salamaeng.com/wp-content/plugins/elementor/assets/lib/swiper/v8/css/swiper.min94a4.css]
[salamaeng.com/wp-content/plugins/elementor/assets/css/conditionals/e-swiper.min44b4.css]
[salamaeng.com/wp-content/plugins/elementor-pro/assets/css/frontend.min81e1.css]
[salamaeng.com/wp-content/uploads/elementor/css/global19a8.css]
[salamaeng.com/wp-content/plugins/elementor/assets/css/widget-divider.min44b4.css]
[salamaeng.com/wp-content/plugins/elementor/assets/css/widget-counter.min44b4.css]
[salamaeng.com/wp-content/plugins/elementor/assets/css/widget-tabs.min44b4.css]
[salamaeng.com/wp-content/plugins/elementor/assets/css/widget-image-carousel.min44b4.css]
[salamaeng.com/wp-content/plugins/elementor-pro/assets/css/widget-loop-builder.min81e1.css]
[salamaeng.com/wp-content/uploads/elementor/css/post-16eab2.css]
[salamaeng.com/wp-content/uploads/elementor/css/post-3061f0e.css]
[salamaeng.com/wp-content/uploads/elementor/css/post-5531f0e.css]
[salamaeng.com/wp-content/uploads/elementor/css/post-10961f0e.css]
[salamaeng.com/wp-content/uploads/elementor/css/post-11021f0e.css]
[salamaeng.com/wp-content/uploads/elementor/css/post-919a8.css]
[salamaeng.com/wp-content/uploads/elementor/css/post-1119a8.css]
[salamaeng.com/wp-includes/js/jquery/jquery.minf43b.js]
[salamaeng.com/wp-includes/js/jquery/jquery-migrate.min5589.js]
[salamaeng.com/wp-content/plugins/revslider/public/js/libs/tptoolsefd5.js]
[salamaeng.com/wp-json/index.html]
[salamaeng.com/wp-json/wp/v2/pages/16.json]
[salamaeng.com/wp-content/plugins/revslider/public/js/sr7efd5.js]
[salamaeng.com/wp-json/oembed/1.0/embed16d5.json]
[salamaeng.com/wp-json/oembed/1.0/embedba36]
[salamaeng.com/wp-content/uploads/2024/10/cropped-Salama-Engineering-Website-Favicon-32x32.png]
[salamaeng.com/wp-content/uploads/2024/10/cropped-Salama-Engineering-Website-Favicon-192x192.png]
[salamaeng.com/wp-content/uploads/2024/10/cropped-Salama-Engineering-Website-Favicon-180x180.png]
[salamaeng.com/wp-admin/admin-ajax.php]
[salamaeng.com/revslider/revslider.php]
[salamaeng.com/wp-content/uploads/2024/09/header-logo-1.svg]
[salamaeng.com/events/indexa9a6.html]
[salamaeng.com/wp-content/uploads/2024/09/image.png]
[salamaeng.com/about-us/index.html]
[salamaeng.com/divisions/index.html]
[salamaeng.com/our-products/index.html]
[salamaeng.com/wp-content/uploads/2024/10/SE-Brand-catalog.pdf]
[salamaeng.com/clientele/index.html]
[salamaeng.com/capabilities/index.html]
[salamaeng.com/events/index.html]
[salamaeng.com/wp-content/uploads/2024/12/salama-engineering-team.png]
[salamaeng.com/contact-us/index.html]
[salamaeng.com/wp-content/uploads/2024/12/Process-Equipment-1.jpg]
[salamaeng.com/process-equipment/index.html]
[salamaeng.com/wp-content/uploads/2024/12/Hvac-R-Coils-1.jpg]
[salamaeng.com/wp-content/uploads/2024/12/Plate-Heat-Exchangers-2.jpg]
[salamaeng.com/hvac-r-coils/index.html]
[salamaeng.com/wp-content/uploads/2024/09/pipe.png]
[salamaeng.com/wp-content/uploads/2024/10/Process-Equipement-Product-1-1.png]
[salamaeng.com/wp-content/uploads/2024/10/sd.png]
[salamaeng.com/plate-heat-exchangers/index.html]
[salamaeng.com/wp-content/uploads/2024/10/image111.png]
[salamaeng.com/wp-content/uploads/2024/12/Group-1171275034.png]
[salamaeng.com/wp-content/uploads/2024/12/Group-1171275036.png]
[salamaeng.com/wp-content/uploads/2024/12/Logos-1.png]
[salamaeng.com/wp-content/uploads/2024/12/Logos-10.png]
[salamaeng.com/wp-content/uploads/2024/12/Group-1171275037.png]
[salamaeng.com/wp-content/uploads/2024/12/Group-1171275038.png]
[salamaeng.com/wp-content/uploads/2024/12/Logos.png]
[salamaeng.com/wp-content/uploads/2024/12/Logos-3.png]
[salamaeng.com/wp-content/uploads/2024/12/Logos-2.png]
[salamaeng.com/wp-content/uploads/2024/12/Group-1171275035.png]
[salamaeng.com/wp-content/uploads/2024/12/Group-1171275039.png]
[salamaeng.com/wp-content/uploads/2024/12/Logos-4.png]
[salamaeng.com/wp-content/uploads/2024/12/Logos-9.png]
[salamaeng.com/wp-content/uploads/2024/12/Logos-6.png]
[salamaeng.com/wp-content/uploads/2024/12/Logos-8.png]
[salamaeng.com/wp-content/uploads/2024/12/Logos-2-1.png]
[salamaeng.com/wp-content/uploads/2024/12/Logos-1-1.png]
[salamaeng.com/wp-content/uploads/2025/02/Untitled-1.jpg]
[salamaeng.com/wp-content/uploads/2024/05/Rectangle-483.webp]
[salamaeng.com/sabic-technical-meeting-2025/index.html]
[salamaeng.com/salama-engineering-at-static-arabia-2024/index.html]
[salamaeng.com/wp-content/uploads/2024/02/A7406578-1-1.png]
[salamaeng.com/wp-content/uploads/2024/09/footer-logo.svg]
[salamaeng.com/wp-content/plugins/elementor-pro/assets/css/widget-theme-elements.min81e1.css]
[salamaeng.com/wp-content/uploads/elementor/css/post-150119a8.css]
[salamaeng.com/salama-engineering-at-hvac-r-expo-saudi-2024/index.html]
[salamaeng.com/wp-content/plugins/elementor-pro/assets/css/widget-search.min81e1.css]
[salamaeng.com/wp-content/plugins/chaty-pro/js/cht-front-script96e3.js]
[salamaeng.com/wp-includes/js/dist/hooks.min4fdd.js]
[salamaeng.com/wp-includes/js/dist/i18n.minc33c.js]
[salamaeng.com/wp-content/plugins/contact-form-7/includes/swv/js/indexe2db.js]
[salamaeng.com/wp-content/plugins/contact-form-7/includes/js/indexe2db.js]
[salamaeng.com/wp-content/plugins/country-phone-field-contact-form-7/assets/js/intlTelInput.mind1c0.js]
[salamaeng.com/wp-content/plugins/country-phone-field-contact-form-7/assets/js/countrySelect.mind1c0.js]
[salamaeng.com/wp-content/themes/hello-elementor/assets/js/hello-frontend.minb12b.js]
[salamaeng.com/wp-content/plugins/jet-popup/assets/js/lib/jet-plugins/jet-plugins1717.js]
[salamaeng.com/wp-content/plugins/jet-popup/assets/js/lib/anime-js/anime.min4c56.js]
[salamaeng.com/wp-content/plugins/jet-popup/assets/js/jet-popup-frontend1717.js]
[salamaeng.com/wp-content/plugins/elementor-pro/assets/lib/smartmenus/jquery.smartmenus.min1576.js]
[salamaeng.com/wp-content/plugins/elementor/assets/lib/jquery-numerator/jquery-numerator.min3958.js]
[salamaeng.com/wp-includes/js/imagesloaded.minbb93.js]
[salamaeng.com/wp-content/plugins/elementor-pro/assets/js/webpack-pro.runtime.min81e1.js]
[salamaeng.com/wp-content/plugins/elementor/assets/js/webpack.runtime.min44b4.js]
[salamaeng.com/wp-content/plugins/elementor-pro/assets/js/frontend.min81e1.js]
[salamaeng.com/wp-content/plugins/elementor/assets/js/frontend-modules.min44b4.js]
[salamaeng.com/wp-includes/js/jquery/ui/core.minb37e.js]
[salamaeng.com/wp-content/plugins/elementor/assets/js/frontend.min44b4.js]
[salamaeng.com/wp-content/plugins/elementor-pro/assets/js/elements-handlers.min81e1.js]
[salamaeng.com/index.html]
[salamaeng.com/wp-content/plugins/jet-popup/includes/elementor/assets/js/jet-popup-elementor-frontend1717.js]
[salamaeng.com/wp-content/plugins/chaty-pro/images/whatsapp.png]
[salamaeng.com/wp-content/plugins/chaty-pro/images/whatsapp-welcome-popup.png]
[salamaeng.com/wp-content/plugins/chaty-pro/images/header-top.png]
[salamaeng.com/wp-content/plugins/chaty-pro/images/header-bottom.png]
[salamaeng.com/wp-content/plugins/chaty-pro/css/chaty-front.min96e3.css]
[salamaeng.com/wp-content/plugins/contact-form-7/includes/css/stylese2db.css]
[salamaeng.com/wp-content/plugins/country-phone-field-contact-form-7/assets/img/flags.png]
[salamaeng.com/wp-content/plugins/country-phone-field-contact-form-7/assets/img/flags@2x.png]
[salamaeng.com/wp-content/plugins/country-phone-field-contact-form-7/assets/css/intlTelInput.mind1c0.css]
[salamaeng.com/wp-content/plugins/country-phone-field-contact-form-7/assets/css/countrySelect.mind1c0.css]
[salamaeng.com/wp-content/plugins/revslider/public/css/sr7efd5.css]
[salamaeng.com/wp-content/plugins/timeline-and-history-slider/assets/images/ajax-loader.gif]
[salamaeng.com/wp-content/plugins/timeline-and-history-slider/assets/css/slick8066.css]
[salamaeng.com/wp-content/plugins/timeline-and-history-slider/assets/css/slick-slider-style8066.css]
[salamaeng.com/wp-content/themes/hello-elementor/style.minb12b.css]
[salamaeng.com/wp-content/themes/hello-elementor/theme.minb12b.css]
[salamaeng.com/wp-content/themes/hello-elementor/header-footer.minb12b.css]
[salamaeng.com/wp-content/plugins/elementor/assets/css/frontend.min44b4.css]
[salamaeng.com/wp-content/uploads/elementor/css/post-6c978.css]
[salamaeng.com/wp-content/plugins/jet-popup/assets/image/transparent.jpg]
[salamaeng.com/wp-content/plugins/jet-popup/assets/css/jet-popup-frontend1717.css]
[salamaeng.com/wp-content/plugins/elementor/assets/css/widget-icon-list.min44b4.css]
[salamaeng.com/wp-content/plugins/elementor/assets/css/widget-social-icons.min44b4.css]
[salamaeng.com/wp-content/plugins/elementor/assets/css/conditionals/apple-webkit.min44b4.css]
[salamaeng.com/wp-content/plugins/elementor/assets/css/widget-image.min44b4.css]
[salamaeng.com/wp-content/plugins/elementor-pro/assets/css/widget-nav-menu.min81e1.css]
[salamaeng.com/wp-content/plugins/elementor/assets/css/widget-heading.min44b4.css]
[salamaeng.com/wp-content/plugins/elementor/assets/css/widget-text-editor.min44b4.css]
[salamaeng.com/wp-content/plugins/elementor/assets/css/widget-icon-box.min44b4.css]
[salamaeng.com/wp-content/plugins/elementor-pro/assets/css/widget-forms.min81e1.css]
[salamaeng.com/wp-content/plugins/elementor/assets/lib/flatpickr/flatpickr.mineda1.css]
[salamaeng.com/wp-content/plugins/elementor/assets/lib/swiper/v8/css/swiper.min94a4.css]
[salamaeng.com/wp-content/plugins/elementor/assets/css/conditionals/e-swiper.min44b4.css]
[salamaeng.com/wp-content/plugins/elementor-pro/assets/css/frontend.min81e1.css]
[salamaeng.com/wp-content/uploads/elementor/css/global19a8.css]
[salamaeng.com/wp-content/plugins/elementor/assets/css/widget-divider.min44b4.css]
[salamaeng.com/wp-content/plugins/elementor/assets/css/widget-counter.min44b4.css]
[salamaeng.com/wp-content/plugins/elementor/assets/css/widget-tabs.min44b4.css]
[salamaeng.com/wp-content/plugins/elementor/assets/css/widget-image-carousel.min44b4.css]
[salamaeng.com/wp-content/plugins/elementor-pro/assets/css/widget-loop-builder.min81e1.css]
[salamaeng.com/wp-content/uploads/2024/09/Group-1171275023.png]
[salamaeng.com/wp-content/uploads/2024/09/bg.png]
[salamaeng.com/wp-content/uploads/2024/09/FrutigerLTArabic65Bold.ttf]
[salamaeng.com/wp-content/uploads/elementor/css/post-16eab2.css]
[salamaeng.com/wp-content/uploads/elementor/css/post-3061f0e.css]
[salamaeng.com/wp-content/uploads/elementor/css/post-5531f0e.css]
[salamaeng.com/wp-content/uploads/elementor/css/post-10961f0e.css]
[salamaeng.com/wp-content/uploads/elementor/css/post-11021f0e.css]
[salamaeng.com/wp-content/uploads/elementor/css/post-919a8.css]
[salamaeng.com/wp-content/uploads/2024/09/FrutigerLTArabic45Light.ttf]
[salamaeng.com/wp-content/uploads/2024/09/Group-1171275020.png]
[salamaeng.com/wp-content/uploads/elementor/css/post-1119a8.css]
[salamaeng.com/xmlrpc0db0.html]
[salamaeng.com/wp-admin/admin-ajax.html]
[salamaeng.com/revslider/revslider.html]
[salamaeng.com/wp-content/plugins/revslider/index.html]
[salamaeng.com/wp-content/plugins/index.html]
[salamaeng.com/wp-includes/css/dist/block-library/style.mind1c0.css]
[salamaeng.com/wp-content/plugins/elementor-pro/assets/css/widget-posts.min81e1.css]
[salamaeng.com/wp-content/uploads/elementor/css/post-121876cb.css]
[salamaeng.com/events/revslider/revslider.php]
[salamaeng.com/events/indexa9a6.html]
[salamaeng.com/wp-content/uploads/2024/09/header-logo-1.svg]
[salamaeng.com/wp-content/plugins/elementor/assets/css/widget-image-gallery.min44b4.css]
[salamaeng.com/wp-content/uploads/elementor/css/post-587d734.css]
[salamaeng.com/wp-content/plugins/timeline-widget-addon-for-elementor/assets/css/twae-vertical-timeline.min7514.css]
[salamaeng.com/wp-content/plugins/timeline-widget-addon-for-elementor/assets/css/twae-common-styles.min7514.css]
[salamaeng.com/wp-content/plugins/timeline-widget-addon-for-elementor/assets/css/twae-horizontal-timeline.min7514.css]
[salamaeng.com/wp-content/plugins/elementor/assets/lib/font-awesome/css/all.min7514.css]
[salamaeng.com/wp-content/uploads/elementor/css/post-6179800.css]
[salamaeng.com/wp-content/uploads/elementor/css/post-6589800.css]
[salamaeng.com/wp-content/uploads/elementor/css/post-6649800.css]
[salamaeng.com/wp-json/wp/v2/pages/587.json]
[salamaeng.com/wp-json/oembed/1.0/embed27d1.json]
[salamaeng.com/wp-json/oembed/1.0/embed111e]
[salamaeng.com/about-us/revslider/revslider.php]
[salamaeng.com/wp-content/uploads/2024/12/Salama-Engineering-Building-1.jpg]
[salamaeng.com/wp-content/uploads/2024/10/Certificate-Container-7-e1728546663450.jpg]
[salamaeng.com/wp-content/uploads/2024/10/Certificate-Container-6-e1728546421189.jpg]
[salamaeng.com/wp-content/uploads/2024/10/Certificate-Container-5-e1728546443674.jpg]
[salamaeng.com/wp-content/uploads/2024/10/Certificate-Container-4-e1728546466628.jpg]
[salamaeng.com/wp-content/uploads/2024/10/Certificate-Container-3-e1728546501936.jpg]
[salamaeng.com/wp-content/uploads/2024/10/Certificate-Container-2-e1728546522347.jpg]
[salamaeng.com/wp-content/uploads/2024/10/Certificate-Container-1-e1728546541313.jpg]
[salamaeng.com/wp-content/plugins/timeline-widget-addon-for-elementor/assets/js/twae-horizontal.min7514.js]
[salamaeng.com/wp-content/plugins/timeline-and-history-slider/assets/js/slick.min8066.js]
[salamaeng.com/about-us/index.html]
[salamaeng.com/wp-content/plugins/timeline-and-history-slider/assets/js/wpostahs-public-js8066.js]
[salamaeng.com/wp-content/uploads/elementor/css/post-7148f38.css]
[salamaeng.com/wp-json/wp/v2/pages/714.json]
[salamaeng.com/wp-json/oembed/1.0/embedeb23.json]
[salamaeng.com/wp-json/oembed/1.0/embedd035]
[salamaeng.com/divisions/revslider/revslider.php]
[salamaeng.com/divisions/index.html]
[salamaeng.com/wp-content/uploads/elementor/css/post-7784125.css]
[salamaeng.com/wp-content/uploads/elementor/css/post-81157b8.css]
[salamaeng.com/wp-content/uploads/elementor/css/post-118657b8.css]
[salamaeng.com/wp-content/uploads/elementor/css/post-119357b8.css]
[salamaeng.com/wp-content/uploads/ac_assets/simple_popup/ue-simple-popup156e.js]
[salamaeng.com/wp-json/wp/v2/pages/778.json]
[salamaeng.com/wp-json/oembed/1.0/embeda4c2.json]
[salamaeng.com/wp-json/oembed/1.0/embed83c6]
[salamaeng.com/our-products/revslider/revslider.php]
[salamaeng.com/wp-content/uploads/2024/10/Shell-and-Tube-Heat-Exchanger.png]
[salamaeng.com/wp-content/uploads/2025/01/Pressure-Vessel-1.png]
[salamaeng.com/wp-content/uploads/2024/10/Fin-Fan-Coolers-and-Customized-Industrial-Air-Coolers.png]
[salamaeng.com/wp-content/uploads/2024/12/shop-fabricated.png]
[salamaeng.com/wp-content/uploads/2024/10/Piping-Spool-Fabrication.png]
[salamaeng.com/wp-content/uploads/2024/10/Skids.png]
[salamaeng.com/wp-content/uploads/2025/01/Condenser-Coils-1.jpg]
[salamaeng.com/wp-content/uploads/2024/10/Direct-Expansion-DX-Coils-2.png]
[salamaeng.com/wp-content/uploads/2024/12/FCU-Coils.png]
[salamaeng.com/wp-content/uploads/2024/12/Bend-Coils.png]
[salamaeng.com/wp-content/uploads/2024/10/Heat-Pipes_.png]
[salamaeng.com/wp-content/uploads/2024/10/SUPERCHANGER-Gasketed-Plate-Heat-Exchangers_.png]
[salamaeng.com/wp-content/uploads/2024/10/SUPERMAX-Shell-Plate-Heat-Exchanger_.png]
[salamaeng.com/wp-content/uploads/2024/10/NovusBloc-Welded-Plate-Heat-Exchanger_.png]
[salamaeng.com/wp-content/uploads/elementor/css/post-530c8f1.css]
[salamaeng.com/our-products/index.html]
[salamaeng.com/wp-content/uploads/elementor/css/post-1276361e.css]
[salamaeng.com/wp-content/uploads/elementor/css/post-27561239.css]
[salamaeng.com/wp-content/uploads/elementor/css/post-27391239.css]
[salamaeng.com/wp-content/uploads/elementor/css/post-27831239.css]
[salamaeng.com/wp-content/uploads/elementor/css/post-31211239.css]
[salamaeng.com/wp-content/uploads/elementor/css/post-27731239.css]
[salamaeng.com/wp-json/wp/v2/pages/1276.json]
[salamaeng.com/wp-json/oembed/1.0/embedfd07.json]
[salamaeng.com/wp-json/oembed/1.0/embed3284]
[salamaeng.com/capabilities/revslider/revslider.php]
[salamaeng.com/wp-content/uploads/2024/12/medium-shot-people-working-together-13-1.png]
[salamaeng.com/wp-content/uploads/2024/12/medium-shot-people-working-together-15-1.png]
[salamaeng.com/wp-content/uploads/2024/12/Plate-Heat-Exhchangers.png]
[salamaeng.com/wp-content/uploads/2024/12/Screen-Shot-2024-12-18-at-5.22.19-PM-726x1024.png]
[salamaeng.com/wp-content/uploads/2024/12/Screen-Shot-2024-12-18-at-5.26.38-PM.png]
[salamaeng.com/wp-content/uploads/2024/12/Screen-Shot-2024-12-18-at-5.26.50-PM.png]
[salamaeng.com/wp-content/uploads/2024/12/Screen-Shot-2024-12-18-at-5.26.24-PM.png]
[salamaeng.com/wp-content/uploads/2024/12/Screen-Shot-2024-12-18-at-5.25.53-PM.png]
[salamaeng.com/wp-content/uploads/2024/12/cetificate-.png]
[salamaeng.com/wp-content/uploads/2024/12/Screen-Shot-2024-12-18-at-5.24.29-PM.png]
[salamaeng.com/wp-content/uploads/2024/12/AHRICertificate-1-2-inch-CHW-HW-Salama-Engineering-Industries_page-0001.jpg]
[salamaeng.com/wp-content/uploads/2024/12/AHRICertificate-5-8-th-inch-CHW-HW-Salama-Engineering-Industries-Edited_page-0001.jpg]
[salamaeng.com/wp-content/uploads/2024/12/Screen-Shot-2024-12-18-at-5.21.09-PM.png]
[salamaeng.com/wp-content/uploads/2024/12/Screen-Shot-2024-12-18-at-5.22.19-PM.png]
[salamaeng.com/wp-content/uploads/2024/12/Screen-Shot-2024-12-18-at-5.25.31-PM-e1734529193410.png]
[salamaeng.com/wp-content/uploads/2024/12/Screen-Shot-2024-12-18-at-5.25.03-PM-e1734529138659.png]
[salamaeng.com/wp-content/uploads/2024/12/factory-1.png]
[salamaeng.com/wp-content/uploads/2024/12/Hvac-Factory.jpg]
[salamaeng.com/wp-content/uploads/2024/12/Plate-heat-exchangers-servicing-facility.jpg]
[salamaeng.com/capabilities/index.html]
[salamaeng.com/wp-content/plugins/elementor-pro/assets/css/widget-gallery.min81e1.css]
[salamaeng.com/wp-content/plugins/elementor/assets/lib/e-gallery/css/e-gallery.min7359.css]
[salamaeng.com/wp-content/plugins/elementor-pro/assets/css/widget-carousel.min81e1.css]
[salamaeng.com/wp-content/uploads/elementor/css/post-8398a52.css]
[salamaeng.com/wp-json/wp/v2/pages/839.json]
[salamaeng.com/wp-json/oembed/1.0/embed85a1.json]
[salamaeng.com/wp-json/oembed/1.0/embede146]
[salamaeng.com/clientele/revslider/revslider.php]
[salamaeng.com/wp-content/uploads/2024/12/Group-1171275052.png]
[salamaeng.com/wp-content/uploads/2024/12/dallah-trading-logo-vector.png]
[salamaeng.com/wp-content/uploads/2024/12/United-Facilities.png]
[salamaeng.com/wp-content/uploads/2024/12/TASNEE.png]
[salamaeng.com/wp-content/uploads/2024/12/farabi.png]
[salamaeng.com/wp-content/uploads/2024/12/Sipchem_Logo.png]
[salamaeng.com/wp-content/uploads/2024/12/Petro_Rabigh_-_Logo.svg.png]
[salamaeng.com/wp-content/uploads/2024/12/ACWA_Power_logo.png]
[salamaeng.com/wp-content/uploads/2024/12/Chemanol_Logo.png]
[salamaeng.com/wp-content/uploads/2024/12/Daiken.png]
[salamaeng.com/wp-content/uploads/2024/12/Arabian_Fal_logo_SGV.png]
[salamaeng.com/wp-content/uploads/2024/12/enova.png]
[salamaeng.com/wp-content/uploads/2024/10/----.png]
[salamaeng.com/wp-content/uploads/2024/09/Group-1171275027.png]
[salamaeng.com/wp-content/uploads/2024/12/Rectangle-494.webp]
[salamaeng.com/wp-content/uploads/2024/12/Rectangle-498.webp]
[salamaeng.com/wp-content/uploads/2024/12/Rectangle-487.webp]
[salamaeng.com/wp-content/uploads/2024/12/Rectangle-490.webp]
[salamaeng.com/wp-content/uploads/2024/12/Rectangle-489.webp]
[salamaeng.com/wp-content/uploads/2024/12/Rectangle-495.webp]
[salamaeng.com/wp-content/uploads/elementor/css/post-25738a52.css]
[salamaeng.com/wp-content/uploads/elementor/css/post-25088a52.css]
[salamaeng.com/wp-content/uploads/elementor/css/post-25708a52.css]
[salamaeng.com/wp-content/uploads/elementor/css/post-25728a52.css]
[salamaeng.com/wp-content/uploads/elementor/css/post-2571371c.css]
[salamaeng.com/wp-content/uploads/elementor/css/post-2575371c.css]
[salamaeng.com/clientele/index.html]
[salamaeng.com/wp-content/plugins/elementor/assets/lib/e-gallery/js/e-gallery.min7359.js]
[salamaeng.com/events/index.html]
[salamaeng.com/wp-content/plugins/elementor/assets/css/widget-toggle.min44b4.css]
[salamaeng.com/wp-content/plugins/elementor/assets/css/widget-google_maps.min44b4.css]
[salamaeng.com/wp-content/uploads/elementor/css/post-8911049.css]
[salamaeng.com/wp-json/wp/v2/pages/891.json]
[salamaeng.com/wp-json/oembed/1.0/embedadc5.json]
[salamaeng.com/wp-json/oembed/1.0/embedf37e]
[salamaeng.com/contact-us/revslider/revslider.php]
[salamaeng.com/contact-us/index.html]
[salamaeng.com/wp-content/plugins/elementor/assets/css/widget-image-box.min44b4.css]
[salamaeng.com/wp-content/uploads/elementor/css/post-722a178.css]
[salamaeng.com/wp-json/wp/v2/pages/722.json]
[salamaeng.com/wp-json/oembed/1.0/embed419c.json]
[salamaeng.com/wp-json/oembed/1.0/embed767a]
[salamaeng.com/process-equipment/revslider/revslider.php]
[salamaeng.com/wp-content/uploads/2024/12/Process-Equipement-1.webp]
[salamaeng.com/wp-content/uploads/2024/12/Process-Equipement-2.webp]
[salamaeng.com/wp-content/uploads/2024/12/Process-Equipement.webp]
[salamaeng.com/wp-content/uploads/2024/12/Process-Equipement.png]
[salamaeng.com/wp-content/uploads/2024/12/image.jpg]
[salamaeng.com/wp-content/plugins/unlimited-elements-for-elementor/assets_libraries/font-awesome6/fontawesome-all.min.css]
[salamaeng.com/wp-content/plugins/unlimited-elements-for-elementor/assets_libraries/font-awesome6/fontawesome-v4-shims.min.css]
[salamaeng.com/wp-content/uploads/2024/12/Process-Equipement-12.webp]
[salamaeng.com/wp-content/uploads/2024/12/Process-Equipement-1-1.webp]
[salamaeng.com/wp-content/uploads/2024/12/Process-Equipement-2-1.webp]
[salamaeng.com/wp-content/uploads/2024/12/Installation.png]
[salamaeng.com/wp-content/uploads/2024/12/Inspection.png]
[salamaeng.com/wp-content/uploads/2024/12/Retubing.png]
[salamaeng.com/process-equipment/index.html]
[salamaeng.com/wp-content/uploads/elementor/css/post-762ae45.css]
[salamaeng.com/wp-json/wp/v2/pages/762.json]
[salamaeng.com/wp-json/oembed/1.0/embed9e77.json]
[salamaeng.com/wp-json/oembed/1.0/embedc2d8]
[salamaeng.com/hvac-r-coils/revslider/revslider.php]
[salamaeng.com/wp-content/uploads/2024/12/medium-shot-people-working-together-2.webp]
[salamaeng.com/wp-content/uploads/2024/12/medium-shot-people-working-together-1.webp]
[salamaeng.com/wp-content/uploads/2024/12/medium-shot-people-working-together-3.webp]
[salamaeng.com/wp-content/uploads/2024/12/Installation-1.png]
[salamaeng.com/wp-content/uploads/2024/12/Coatings-1.png]
[salamaeng.com/hvac-r-coils/index.html]
[salamaeng.com/wp-content/uploads/elementor/css/post-764e3f4.css]
[salamaeng.com/wp-json/wp/v2/pages/764.json]
[salamaeng.com/wp-json/oembed/1.0/embedcba1.json]
[salamaeng.com/wp-json/oembed/1.0/embed16c9]
[salamaeng.com/plate-heat-exchangers/revslider/revslider.php]
[salamaeng.com/wp-content/uploads/2024/12/medium-shot-people-working-together-7.webp]
[salamaeng.com/wp-content/uploads/2024/12/medium-shot-people-working-together-11.webp]
[salamaeng.com/wp-content/uploads/2024/12/medium-shot-people-working-together-12.webp]
[salamaeng.com/wp-content/uploads/2024/12/medium-shot-people-working-together-16.jpg]
[salamaeng.com/wp-content/uploads/2024/12/medium-shot-people-working-together-17.jpg]
[salamaeng.com/wp-content/uploads/2024/12/medium-shot-people-working-together-18.jpg]
[salamaeng.com/wp-content/uploads/2024/12/Plate-Head-Exchangers.jpg]
[salamaeng.com/wp-content/uploads/2025/01/Installation-Plate-Heat-Exchangers.png]
[salamaeng.com/wp-content/uploads/2025/01/Inspection-1.jpg]
[salamaeng.com/wp-content/uploads/2025/01/Sourcing-and-Supply-parts-1.jpg]
[salamaeng.com/wp-content/uploads/2025/01/Chemical-Cleaning.jpg]
[salamaeng.com/wp-content/uploads/2025/01/Mechanical-Cleaning.jpg]
[salamaeng.com/wp-content/uploads/2025/01/Re-gasketing.jpg]
[salamaeng.com/wp-content/uploads/2024/12/medium-shot-people-working-together-19.jpg]
[salamaeng.com/wp-content/uploads/2024/12/medium-shot-people-working-together-20.jpg]
[salamaeng.com/wp-content/uploads/2024/12/medium-shot-people-working-together-21.jpg]
[salamaeng.com/plate-heat-exchangers/index.html]
[salamaeng.com/wp-content/uploads/elementor/css/post-68997c6.css]
[salamaeng.com/sabic-technical-meeting-2025/feed/index.html]
[salamaeng.com/wp-json/wp/v2/posts/3320.json]
[salamaeng.com/wp-json/oembed/1.0/embedbf58.json]
[salamaeng.com/wp-json/oembed/1.0/embed38ff]
[salamaeng.com/sabic-technical-meeting-2025/revslider/revslider.php]
[salamaeng.com/wp-content/uploads/2025/02/13.jpg]
[salamaeng.com/wp-content/uploads/2025/02/1-1024x681.jpg]
[salamaeng.com/wp-content/uploads/2025/02/2-1024x681.jpg]
[salamaeng.com/wp-content/uploads/2025/02/3-1024x681.jpg]
[salamaeng.com/wp-content/uploads/2025/02/4-1024x681.jpg]
[salamaeng.com/wp-content/uploads/2025/02/5-1024x681.jpg]
[salamaeng.com/wp-content/uploads/2025/02/6-1024x681.jpg]
[salamaeng.com/wp-content/uploads/2025/02/7-1024x681.jpg]
[salamaeng.com/wp-content/uploads/2025/02/8-1024x681.jpg]
[salamaeng.com/wp-content/uploads/2025/02/9-1024x681.jpg]
[salamaeng.com/wp-content/uploads/2025/02/10-1024x681.jpg]
[salamaeng.com/wp-content/uploads/2025/02/11-1-1024x681.jpg]
[salamaeng.com/wp-content/uploads/2025/02/12-1024x681.jpg]
[salamaeng.com/wp-content/uploads/2025/02/14-1024x681.jpg]
[salamaeng.com/sabic-technical-meeting-2025/index.html]
[salamaeng.com/wp-json/wp/v2/posts/705.json]
[salamaeng.com/salama-engineering-at-static-arabia-2024/feed/index.html]
[salamaeng.com/wp-json/oembed/1.0/embed67fc.json]
[salamaeng.com/wp-json/oembed/1.0/embeda550]
[salamaeng.com/salama-engineering-at-static-arabia-2024/revslider/revslider.php]
[salamaeng.com/wp-content/uploads/2024/05/AO8A3870-1-1024x356.webp]
[salamaeng.com/wp-content/uploads/2024/05/AO8A3767.webp]
[salamaeng.com/wp-content/uploads/2024/05/AO8A3779.webp]
[salamaeng.com/wp-content/uploads/2024/05/AO8A3840.webp]
[salamaeng.com/wp-content/uploads/2024/05/AO8A3841.webp]
[salamaeng.com/wp-content/uploads/2024/05/AO8A3861.webp]
[salamaeng.com/wp-content/uploads/2024/05/AO8A3894.webp]
[salamaeng.com/wp-content/uploads/2024/05/AO8A3792.webp]
[salamaeng.com/wp-content/uploads/2024/05/AO8A3818.webp]
[salamaeng.com/salama-engineering-at-static-arabia-2024/index.html]
[salamaeng.com/wp-json/wp/v2/posts/703.json]
[salamaeng.com/salama-engineering-at-hvac-r-expo-saudi-2024/feed/index.html]
[salamaeng.com/wp-json/oembed/1.0/embedb9ba.json]
[salamaeng.com/wp-json/oembed/1.0/embed9f2f]
[salamaeng.com/salama-engineering-at-hvac-r-expo-saudi-2024/revslider/revslider.php]
[salamaeng.com/wp-content/uploads/2024/02/AO8A3870-1-1024x356.webp]
[salamaeng.com/wp-content/uploads/2024/02/AO8A3792.webp]
[salamaeng.com/wp-content/uploads/2024/02/AO8A3841.webp]
[salamaeng.com/wp-content/uploads/2024/02/AO8A3788.webp]
[salamaeng.com/wp-content/uploads/2024/02/AO8A3767.webp]
[salamaeng.com/wp-content/uploads/2024/02/AO8A3783.webp]
[salamaeng.com/wp-content/uploads/2024/02/AO8A3779.webp]
[salamaeng.com/wp-content/uploads/2024/02/AO8A3818-1.webp]
[salamaeng.com/wp-content/uploads/2024/02/AO8A3840-1.webp]
[salamaeng.com/wp-content/uploads/2024/02/AO8A3894.webp]
[salamaeng.com/wp-content/uploads/2024/02/AO8A3840.webp]
[salamaeng.com/wp-content/uploads/2024/02/AO8A3861-1.webp]
[salamaeng.com/wp-content/uploads/2024/02/AO8A3861.webp]
[salamaeng.com/salama-engineering-at-hvac-r-expo-saudi-2024/index.html]
[salamaeng.com/wp-content/uploads/2024/09/footer-logo.svg]
[salamaeng.com/wp-content/plugins/elementor-pro/assets/css/widget-theme-elements.min81e1.css]
[salamaeng.com/wp-content/uploads/elementor/css/post-150119a8.css]
[salamaeng.com/wp-content/plugins/elementor-pro/assets/css/widget-search.min81e1.css]
[salamaeng.com/wp-includes/css/dist/block-library/style.mind1c0.css]
[salamaeng.com/wp-content/plugins/elementor-pro/assets/css/widget-posts.min81e1.css]
[salamaeng.com/wp-content/uploads/2024/10/slider.png]
[salamaeng.com/wp-content/uploads/elementor/css/post-121876cb.css]
[salamaeng.com/events/revslider/revslider.html]
[salamaeng.com/wp-content/plugins/elementor/assets/css/widget-image-gallery.min44b4.css]
[salamaeng.com/wp-content/uploads/2024/10/bg.png]
[salamaeng.com/wp-content/uploads/2024/10/Main-Frame.jpg]
[salamaeng.com/wp-content/uploads/elementor/css/post-587d734.css]
[salamaeng.com/wp-content/plugins/timeline-widget-addon-for-elementor/assets/css/twae-vertical-timeline.min7514.css]
[salamaeng.com/wp-content/plugins/timeline-widget-addon-for-elementor/assets/css/twae-common-styles.min7514.css]
[salamaeng.com/wp-content/plugins/timeline-widget-addon-for-elementor/assets/css/twae-horizontal-timeline.min7514.css]
[salamaeng.com/wp-content/plugins/elementor/assets/lib/font-awesome/webfonts/fa-brands-400.eot]
[salamaeng.com/wp-content/plugins/elementor/assets/lib/font-awesome/webfonts/fa-brands-400.woff2]
[salamaeng.com/wp-content/plugins/elementor/assets/lib/font-awesome/webfonts/fa-brands-400d41d.eot]
[salamaeng.com/wp-content/plugins/elementor/assets/lib/font-awesome/webfonts/fa-brands-400.woff]
[salamaeng.com/wp-content/plugins/elementor/assets/lib/font-awesome/webfonts/fa-regular-400.eot]
[salamaeng.com/wp-content/plugins/elementor/assets/lib/font-awesome/webfonts/fa-brands-400.ttf]
[salamaeng.com/wp-content/plugins/elementor/assets/lib/font-awesome/webfonts/fa-regular-400d41d.eot]
[salamaeng.com/wp-content/plugins/elementor/assets/lib/font-awesome/webfonts/fa-regular-400.woff2]
[salamaeng.com/wp-content/plugins/elementor/assets/lib/font-awesome/webfonts/fa-regular-400.woff]
[salamaeng.com/wp-content/plugins/elementor/assets/lib/font-awesome/webfonts/fa-regular-400.ttf]
[salamaeng.com/wp-content/plugins/elementor/assets/lib/font-awesome/webfonts/fa-regular-400.svg]
[salamaeng.com/wp-content/plugins/elementor/assets/lib/font-awesome/webfonts/fa-solid-900.eot]
[salamaeng.com/wp-content/plugins/elementor/assets/lib/font-awesome/webfonts/fa-solid-900.woff2]
[salamaeng.com/wp-content/plugins/elementor/assets/lib/font-awesome/webfonts/fa-brands-400.svg]
[salamaeng.com/wp-content/plugins/elementor/assets/lib/font-awesome/webfonts/fa-solid-900.woff]
[salamaeng.com/wp-content/plugins/elementor/assets/lib/font-awesome/webfonts/fa-solid-900d41d.eot]
[salamaeng.com/wp-content/plugins/elementor/assets/lib/font-awesome/css/all.min7514.css]
[salamaeng.com/wp-content/plugins/elementor/assets/lib/font-awesome/webfonts/fa-solid-900.svg]
[salamaeng.com/wp-content/uploads/2024/10/Component-2.png]
[salamaeng.com/wp-content/uploads/elementor/css/post-6179800.css]
[salamaeng.com/wp-content/uploads/elementor/css/post-6589800.css]
[salamaeng.com/wp-content/uploads/elementor/css/post-6649800.css]
[salamaeng.com/index4c2b.html]
[salamaeng.com/about-us/revslider/revslider.html]
[salamaeng.com/wp-content/uploads/elementor/css/post-7148f38.css]
[salamaeng.com/index2df9.html]
[salamaeng.com/divisions/revslider/revslider.html]
[salamaeng.com/wp-content/uploads/elementor/css/post-7784125.css]
[salamaeng.com/wp-content/uploads/elementor/css/post-81157b8.css]
[salamaeng.com/wp-content/uploads/elementor/css/post-118657b8.css]
[salamaeng.com/wp-content/uploads/elementor/css/post-119357b8.css]
[salamaeng.com/index336f.html]
[salamaeng.com/our-products/revslider/revslider.html]
[salamaeng.com/wp-content/uploads/elementor/css/post-530c8f1.css]
[salamaeng.com/wp-content/uploads/elementor/css/post-1276361e.css]
[salamaeng.com/wp-content/plugins/elementor/assets/lib/font-awesome/webfonts/fa-solid-900.ttf]
[salamaeng.com/wp-content/uploads/2024/12/Main-Frame.jpg]
[salamaeng.com/wp-content/uploads/elementor/css/post-27561239.css]
[salamaeng.com/wp-content/uploads/2024/12/Main-Frame-1.jpg]
[salamaeng.com/wp-content/uploads/elementor/css/post-27391239.css]
[salamaeng.com/wp-content/uploads/elementor/css/post-27831239.css]
[salamaeng.com/wp-content/uploads/elementor/css/post-31211239.css]
[salamaeng.com/wp-content/uploads/elementor/css/post-27731239.css]
[salamaeng.com/index6c09.html]
[salamaeng.com/capabilities/revslider/revslider.html]
[salamaeng.com/wp-content/plugins/elementor-pro/assets/css/widget-gallery.min81e1.css]
[salamaeng.com/wp-content/plugins/elementor/assets/lib/e-gallery/css/e-gallery.min7359.css]
[salamaeng.com/wp-content/plugins/elementor-pro/assets/css/widget-carousel.min81e1.css]
[salamaeng.com/wp-content/uploads/2024/09/Frame-1171276066.png]
[salamaeng.com/wp-content/uploads/elementor/css/post-8398a52.css]
[salamaeng.com/indexce54.html]
[salamaeng.com/clientele/revslider/revslider.html]
[salamaeng.com/wp-content/uploads/elementor/css/post-25738a52.css]
[salamaeng.com/wp-content/uploads/elementor/css/post-25088a52.css]
[salamaeng.com/wp-content/uploads/elementor/css/post-25708a52.css]
[salamaeng.com/wp-content/uploads/elementor/css/post-25728a52.css]
[salamaeng.com/wp-content/uploads/elementor/css/post-2571371c.css]
[salamaeng.com/wp-content/uploads/elementor/css/post-2575371c.css]
[salamaeng.com/wp-content/plugins/elementor/assets/lib/animations/styles/fadeInLeft.min44b4.css]
[salamaeng.com/wp-content/plugins/elementor/assets/lib/animations/styles/fadeInRight.min44b4.css]
[salamaeng.com/wp-content/plugins/elementor/assets/css/widget-toggle.min44b4.css]
[salamaeng.com/wp-content/plugins/elementor/assets/css/widget-google_maps.min44b4.css]
[salamaeng.com/wp-content/uploads/elementor/css/post-8911049.css]
[salamaeng.com/indexb541.html]
[salamaeng.com/contact-us/revslider/revslider.html]
[salamaeng.com/wp-content/plugins/elementor/assets/css/widget-image-box.min44b4.css]
[salamaeng.com/wp-content/uploads/elementor/css/post-722a178.css]
[salamaeng.com/indexc9c3.html]
[salamaeng.com/process-equipment/revslider/revslider.html]
[salamaeng.com/wp-content/plugins/unlimited-elements-for-elementor/assets_libraries/font-awesome6/fa-brands-400.woff2]
[salamaeng.com/wp-content/plugins/unlimited-elements-for-elementor/assets_libraries/font-awesome6/fa-regular-400.woff2]
[salamaeng.com/wp-content/plugins/unlimited-elements-for-elementor/assets_libraries/font-awesome6/fa-brands-400.ttf]
[salamaeng.com/wp-content/plugins/unlimited-elements-for-elementor/assets_libraries/font-awesome6/fa-regular-400.ttf]
[salamaeng.com/wp-content/plugins/unlimited-elements-for-elementor/assets_libraries/font-awesome6/fa-solid-900.woff2]
[salamaeng.com/wp-content/plugins/unlimited-elements-for-elementor/assets_libraries/font-awesome6/fa-v4compatibility.woff2]
[salamaeng.com/wp-content/plugins/unlimited-elements-for-elementor/assets_libraries/font-awesome6/fontawesome-all.min.css]
[salamaeng.com/wp-content/plugins/unlimited-elements-for-elementor/assets_libraries/font-awesome6/fontawesome-v4-shims.min.css]
[salamaeng.com/wp-content/uploads/elementor/css/post-762ae45.css]
[salamaeng.com/index272e.html]
[salamaeng.com/hvac-r-coils/revslider/revslider.html]
[salamaeng.com/wp-content/uploads/elementor/css/post-764e3f4.css]
[salamaeng.com/indexa102.html]
[salamaeng.com/plate-heat-exchangers/revslider/revslider.html]
[salamaeng.com/wp-content/uploads/elementor/css/post-68997c6.css]
[salamaeng.com/index5e2b.html]
[salamaeng.com/sabic-technical-meeting-2025/revslider/revslider.html]
[salamaeng.com/index2ae7.html]
[salamaeng.com/salama-engineering-at-static-arabia-2024/revslider/revslider.html]
[salamaeng.com/indexf993.html]
[salamaeng.com/salama-engineering-at-hvac-r-expo-saudi-2024/revslider/revslider.html]
[salamaeng.com/wp-content/plugins/unlimited-elements-for-elementor/assets_libraries/font-awesome6/fa-v4compatibility.ttf]
[salamaeng.com/wp-content/plugins/elementor/assets/lib/font-awesome/webfonts/fa-brands-400.svg]
[salamaeng.com/wp-content/plugins/elementor/assets/lib/font-awesome/webfonts/fa-regular-400.svg]
[salamaeng.com/wp-content/plugins/unlimited-elements-for-elementor/assets_libraries/font-awesome6/fa-solid-900.ttf]
[salamaeng.com/wp-content/plugins/elementor/assets/lib/font-awesome/webfonts/fa-solid-900.svg]
